Component: ARM Compiler 5.06 update 7 (build 960) Tool: armlink [4d3601]

==============================================================================

Section Cross References

    startup_stm32f407xx.o(RESET) refers to startup_stm32f407xx.o(STACK) for __initial_sp
    startup_stm32f407xx.o(RESET) refers to startup_stm32f407xx.o(.text) for Reset_Handler
    startup_stm32f407xx.o(RESET) refers to stm32f4xx_it.o(i.NMI_Handler) for NMI_Handler
    startup_stm32f407xx.o(RESET) refers to stm32f4xx_it.o(i.HardFault_Handler) for HardFault_Handler
    startup_stm32f407xx.o(RESET) refers to stm32f4xx_it.o(i.MemManage_Handler) for MemManage_Handler
    startup_stm32f407xx.o(RESET) refers to stm32f4xx_it.o(i.BusFault_Handler) for BusFault_Handler
    startup_stm32f407xx.o(RESET) refers to stm32f4xx_it.o(i.UsageFault_Handler) for UsageFault_Handler
    startup_stm32f407xx.o(RESET) refers to stm32f4xx_it.o(i.SVC_Handler) for SVC_Handler
    startup_stm32f407xx.o(RESET) refers to stm32f4xx_it.o(i.DebugMon_Handler) for DebugMon_Handler
    startup_stm32f407xx.o(RESET) refers to stm32f4xx_it.o(i.PendSV_Handler) for PendSV_Handler
    startup_stm32f407xx.o(RESET) refers to stm32f4xx_it.o(i.SysTick_Handler) for SysTick_Handler
    startup_stm32f407xx.o(RESET) refers to stm32f4xx_it.o(i.CAN1_TX_IRQHandler) for CAN1_TX_IRQHandler
    startup_stm32f407xx.o(RESET) refers to stm32f4xx_it.o(i.CAN1_RX0_IRQHandler) for CAN1_RX0_IRQHandler
    startup_stm32f407xx.o(RESET) refers to stm32f4xx_it.o(i.TIM1_TRG_COM_TIM11_IRQHandler) for TIM1_TRG_COM_TIM11_IRQHandler
    startup_stm32f407xx.o(RESET) refers to stm32f4xx_it.o(i.SPI1_IRQHandler) for SPI1_IRQHandler
    startup_stm32f407xx.o(RESET) refers to stm32f4xx_it.o(i.SPI2_IRQHandler) for SPI2_IRQHandler
    startup_stm32f407xx.o(RESET) refers to stm32f4xx_it.o(i.USART1_IRQHandler) for USART1_IRQHandler
    startup_stm32f407xx.o(RESET) refers to stm32f4xx_it.o(i.TIM8_TRG_COM_TIM14_IRQHandler) for TIM8_TRG_COM_TIM14_IRQHandler
    startup_stm32f407xx.o(RESET) refers to stm32f4xx_it.o(i.DMA2_Stream2_IRQHandler) for DMA2_Stream2_IRQHandler
    startup_stm32f407xx.o(RESET) refers to stm32f4xx_it.o(i.DMA2_Stream7_IRQHandler) for DMA2_Stream7_IRQHandler
    startup_stm32f407xx.o(.text) refers to system_stm32f4xx.o(i.SystemInit) for SystemInit
    startup_stm32f407xx.o(.text) refers to entry.o(.ARM.Collect$$$$00000000) for __main
    main.o(i.HAL_TIM_PeriodElapsedCallback) refers to stm32f4xx_hal_uart.o(i.HAL_UART_Transmit_DMA) for HAL_UART_Transmit_DMA
    main.o(i.HAL_TIM_PeriodElapsedCallback) refers to ma600.o(i.MA600_Get_Angle) for MA600_Get_Angle
    main.o(i.HAL_TIM_PeriodElapsedCallback) refers to ma600.o(i.MA600_dataUpdate) for MA600_dataUpdate
    main.o(i.HAL_TIM_PeriodElapsedCallback) refers to f2d.o(.text) for __aeabi_f2d
    main.o(i.HAL_TIM_PeriodElapsedCallback) refers to dmul.o(.text) for __aeabi_dmul
    main.o(i.HAL_TIM_PeriodElapsedCallback) refers to d2f.o(.text) for __aeabi_d2f
    main.o(i.HAL_TIM_PeriodElapsedCallback) refers to main.o(i.Rcv_DealData) for Rcv_DealData
    main.o(i.HAL_TIM_PeriodElapsedCallback) refers to im_test_1.o(i.IM_TEST_step) for IM_TEST_step
    main.o(i.HAL_TIM_PeriodElapsedCallback) refers to tim.o(.bss) for htim14
    main.o(i.HAL_TIM_PeriodElapsedCallback) refers to main.o(.data) for add14
    main.o(i.HAL_TIM_PeriodElapsedCallback) refers to usart.o(.bss) for huart1
    main.o(i.HAL_TIM_PeriodElapsedCallback) refers to yis130_1.o(.bss) for mpu_data
    main.o(i.HAL_TIM_PeriodElapsedCallback) refers to ma600.o(.bss) for TestMA600
    main.o(i.HAL_TIM_PeriodElapsedCallback) refers to im_test_1.o(.bss) for rtU
    main.o(i.Rcv_DealData) refers to yis130_1.o(i.DATARELOAD) for DATARELOAD
    main.o(i.Rcv_DealData) refers to stm32f4xx_hal_gpio.o(i.HAL_GPIO_WritePin) for HAL_GPIO_WritePin
    main.o(i.Rcv_DealData) refers to stm32f4xx_hal.o(i.HAL_Delay) for HAL_Delay
    main.o(i.Rcv_DealData) refers to stm32f4xx_hal_uart.o(i.HAL_UART_Receive_DMA) for HAL_UART_Receive_DMA
    main.o(i.Rcv_DealData) refers to main.o(.data) for rcv_flag
    main.o(i.Rcv_DealData) refers to main.o(.bss) for rcv_buf
    main.o(i.Rcv_DealData) refers to usart.o(.bss) for huart1
    main.o(i.Rcv_IdleCallback) refers to stm32f4xx_hal_uart.o(i.HAL_UART_DMAStop) for HAL_UART_DMAStop
    main.o(i.Rcv_IdleCallback) refers to usart.o(.bss) for huart1
    main.o(i.Rcv_IdleCallback) refers to main.o(.data) for rcv_flag
    main.o(i.SystemClock_Config) refers to memseta.o(.text) for __aeabi_memclr4
    main.o(i.SystemClock_Config) refers to stm32f4xx_hal_rcc.o(i.HAL_RCC_OscConfig) for HAL_RCC_OscConfig
    main.o(i.SystemClock_Config) refers to main.o(i.Error_Handler) for Error_Handler
    main.o(i.SystemClock_Config) refers to stm32f4xx_hal_rcc.o(i.HAL_RCC_ClockConfig) for HAL_RCC_ClockConfig
    main.o(i.main) refers to stm32f4xx_hal.o(i.HAL_Init) for HAL_Init
    main.o(i.main) refers to main.o(i.SystemClock_Config) for SystemClock_Config
[...]
    ..\..\Source\FilteringFunctions\arm_fir_f32.c 0x00000000   Number         0  arm_fir_f32.o ABSOLUTE
    ..\..\Source\FilteringFunctions\arm_fir_init_f32.c 0x00000000   Number         0  arm_fir_init_f32.o ABSOLUTE
    ..\..\Source\MatrixFunctions\arm_mat_init_f32.c 0x00000000   Number         0  arm_mat_init_f32.o ABSOLUTE
    ..\..\Source\MatrixFunctions\arm_mat_mult_f32.c 0x00000000   Number         0  arm_mat_mult_f32.o ABSOLUTE
    ..\..\Source\MatrixFunctions\arm_mat_trans_f32.c 0x00000000   Number         0  arm_mat_trans_f32.o ABSOLUTE
    ..\Core\Src\can.c                        0x00000000   Number         0  can.o ABSOLUTE
    ..\Core\Src\dma.c                        0x00000000   Number         0  dma.o ABSOLUTE
    ..\Core\Src\gpio.c                       0x00000000   Number         0  gpio.o ABSOLUTE
    ..\Core\Src\main.c                       0x00000000   Number         0  main.o ABSOLUTE
    ..\Core\Src\spi.c                        0x00000000   Number         0  spi.o ABSOLUTE
    ..\Core\Src\stm32f4xx_hal_msp.c          0x00000000   Number         0  stm32f4xx_hal_msp.o ABSOLUTE
    ..\Core\Src\stm32f4xx_it.c               0x00000000   Number         0  stm32f4xx_it.o ABSOLUTE
    ..\Core\Src\system_stm32f4xx.c           0x00000000   Number         0  system_stm32f4xx.o ABSOLUTE
    ..\Core\Src\tim.c                        0x00000000   Number         0  tim.o ABSOLUTE
    ..\Core\Src\usart.c                      0x00000000   Number         0  usart.o ABSOLUTE
    ..\Drivers\STM32F4xx_HAL_Driver\Src\stm32f4xx_hal.c 0x00000000   Number         0  stm32f4xx_hal.o ABSOLUTE
    ..\Drivers\STM32F4xx_HAL_Driver\Src\stm32f4xx_hal_can.c 0x00000000   Number         0  stm32f4xx_hal_can.o ABSOLUTE
    ..\Drivers\STM32F4xx_HAL_Driver\Src\stm32f4xx_hal_cortex.c 0x00000000   Number         0  stm32f4xx_hal_cortex.o ABSOLUTE
    ..\Drivers\STM32F4xx_HAL_Driver\Src\stm32f4xx_hal_dma.c 0x00000000   Number         0  stm32f4xx_hal_dma.o ABSOLUTE
    ..\Drivers\STM32F4xx_HAL_Driver\Src\stm32f4xx_hal_dma_ex.c 0x00000000   Number         0  stm32f4xx_hal_dma_ex.o ABSOLUTE
    ..\Drivers\STM32F4xx_HAL_Driver\Src\stm32f4xx_hal_exti.c 0x00000000   Number         0  stm32f4xx_hal_exti.o ABSOLUTE
    ..\Drivers\STM32F4xx_HAL_Driver\Src\stm32f4xx_hal_flash.c 0x00000000   Number         0  stm32f4xx_hal_flash.o ABSOLUTE
    ..\Drivers\STM32F4xx_HAL_Driver\Src\stm32f4xx_hal_flash_ex.c 0x00000000   Number         0  stm32f4xx_hal_flash_ex.o ABSOLUTE
    ..\Drivers\STM32F4xx_HAL_Driver\Src\stm32f4xx_hal_flash_ramfunc.c 0x00000000   Number         0  stm32f4xx_hal_flash_ramfunc.o ABSOLUTE
    ..\Drivers\STM32F4xx_HAL_Driver\Src\stm32f4xx_hal_gpio.c 0x00000000   Number         0  stm32f4xx_hal_gpio.o ABSOLUTE
    ..\Drivers\STM32F4xx_HAL_Driver\Src\stm32f4xx_hal_pwr.c 0x00000000   Number         0  stm32f4xx_hal_pwr.o ABSOLUTE
    ..\Drivers\STM32F4xx_HAL_Driver\Src\stm32f4xx_hal_pwr_ex.c 0x00000000   Number         0  stm32f4xx_hal_pwr_ex.o ABSOLUTE
    ..\Drivers\STM32F4xx_HAL_Driver\Src\stm32f4xx_hal_rcc.c 0x00000000   Number         0  stm32f4xx_hal_rcc.o ABSOLUTE
    ..\Drivers\STM32F4xx_HAL_Driver\Src\stm32f4xx_hal_rcc_ex.c 0x00000000   Number         0  stm32f4xx_hal_rcc_ex.o ABSOLUTE
    ..\Drivers\STM32F4xx_HAL_Driver\Src\stm32f4xx_hal_spi.c 0x00000000   Number         0  stm32f4xx_hal_spi.o ABSOLUTE
    ..\Drivers\STM32F4xx_HAL_Driver\Src\stm32f4xx_hal_tim.c 0x00000000   Number         0  stm32f4xx_hal_tim.o ABSOLUTE
    ..\Drivers\STM32F4xx_HAL_Driver\Src\stm32f4xx_hal_tim_ex.c 0x00000000   Number         0  stm32f4xx_hal_tim_ex.o ABSOLUTE
    ..\Drivers\STM32F4xx_HAL_Driver\Src\stm32f4xx_hal_uart.c 0x00000000   Number         0  stm32f4xx_hal_uart.o ABSOLUTE
    ..\User\IM_TEST.c                        0x00000000   Number         0  im_test_1.o ABSOLUTE
    ..\User\MA600.c                          0x00000000   Number         0  ma600.o ABSOLUTE
    ..\User\YIS130.c                         0x00000000   Number         0  yis130_1.o ABSOLUTE
    ..\\..\\Source\\CommonTables\\arm_common_tables.c 0x00000000   Number         0  arm_common_tables.o ABSOLUTE
    ..\\..\\Source\\FastMathFunctions\\arm_cos_f32.c 0x00000000   Number         0  arm_cos_f32.o ABSOLUTE
    ..\\..\\Source\\FastMathFunctions\\arm_sin_f32.c 0x00000000   Number         0  arm_sin_f32.o ABSOLUTE
    ..\\..\\Source\\FilteringFunctions\\arm_fir_f32.c 0x00000000   Number         0  arm_fir_f32.o ABSOLUTE
    ..\\..\\Source\\FilteringFunctions\\arm_fir_init_f32.c 0x00000000   Number         0  arm_fir_init_f32.o ABSOLUTE
    ..\\..\\Source\\MatrixFunctions\\arm_mat_init_f32.c 0x00000000   Number         0  arm_mat_init_f32.o ABSOLUTE
    ..\\..\\Source\\MatrixFunctions\\arm_mat_mult_f32.c 0x00000000   Number         0  arm_mat_mult_f32.o ABSOLUTE
    ..\\..\\Source\\MatrixFunctions\\arm_mat_trans_f32.c 0x00000000   Number         0  arm_mat_trans_f32.o ABSOLUTE
    ..\\User\\IM_TEST.c                      0x00000000   Number         0  im_test_1.o ABSOLUTE
    ..\\User\\MA600.c                        0x00000000   Number         0  ma600.o ABSOLUTE
    ..\\User\\YIS130.c                       0x00000000   Number         0  yis130_1.o ABSOLUTE
    cdcmple.s                                0x00000000   Number         0  cdcmple.o ABSOLUTE
    cdrcmple.s                               0x00000000   Number         0  cdrcmple.o ABSOLUTE
    dc.s                                     0x00000000   Number         0  dc.o ABSOLUTE
    handlers.s                               0x00000000   Number         0  handlers.o ABSOLUTE
    init.s                                   0x00000000   Number         0  init.o ABSOLUTE
    startup_stm32f407xx.s                    0x00000000   Number         0  startup_stm32f407xx.o ABSOLUTE
    RESET                                    0x08000000   Section      392  startup_stm32f407xx.o(RESET)
    .ARM.Collect$$$$00000000                 0x08000188   Section        0  entry.o(.ARM.Collect$$$$00000000)
    .ARM.Collect$$$$00000001                 0x08000188   Section        4  entry2.o(.ARM.Collect$$$$00000001)
    .ARM.Collect$$$$00000004                 0x0800018c   Section        4  entry5.o(.ARM.Collect$$$$00000004)
    .ARM.Collect$$$$00000008                 0x08000190   Section        0  entry7b.o(.ARM.Collect$$$$00000008)
    .ARM.Collect$$$$0000000A                 0x08000190   Section        0  entry8b.o(.ARM.Collect$$$$0000000A)
    .ARM.Collect$$$$0000000B                 0x08000190   Section        8  entry9a.o(.ARM.Collect$$$$0000000B)
    .ARM.Collect$$$$0000000E                 0x08000198   Section        4  entry12b.o(.ARM.Collect$$$$0000000E)
    .ARM.Collect$$$$0000000F                 0x0800019c   Section        0  entry10a.o(.ARM.Collect$$$$0000000F)
    .ARM.Collect$$$$00000011                 0x0800019c   Section        0  entry11a.o(.ARM.Collect$$$$00000011)
    .ARM.Collect$$$$00002712                 0x0800019c   Section        4  entry2.o(.ARM.Collect$$$$00002712)
    __lit__00000000                          0x0800019c   Data           4  entry2.o(.ARM.Collect$$$$00002712)
    .text                                    0x080001a0   Section       36  startup_stm32f407xx.o(.text)
    $v0                                      0x080001a0   Number         0  startup_stm32f407xx.o(.text)
    .text                                    0x080001c4   Section        0  arm_cos_f32.o(.text)
    .text                                    0x0800023c   Section        0  arm_sin_f32.o(.text)
    .text                                    0x080002d0   Section        0  arm_mat_init_f32.o(.text)
    .text                                    0x080002d8   Section        0  arm_mat_mult_f32.o(.text)
    .text                                    0x08000414   Section        0  arm_mat_trans_f32.o(.text)
    .text                                    0x08000528   Section        0  uldiv.o(.text)
    .text                                    0x0800058a   Section        0  memseta.o(.text)
    .text                                    0x080005ae   Section        0  dadd.o(.text)
    .text                                    0x080006fc   Section        0  dmul.o(.text)
    .text                                    0x080007e0   Section        0  ddiv.o(.text)
    .text                                    0x080008be   Section        0  f2d.o(.text)
    .text                                    0x080008e4   Section       48  cdrcmple.o(.text)
    .text                                    0x08000914   Section        0  d2f.o(.text)
    .text                                    0x0800094c   Section        0  llshl.o(.text)
    .text                                    0x0800096a   Section        0  llushr.o(.text)
    .text                                    0x0800098a   Section        0  llsshr.o(.text)
    .text                                    0x080009ae   Section        0  fepilogue.o(.text)
    .text                                    0x080009ae   Section        0  iusefp.o(.text)
    .text                                    0x08000a1c   Section        0  frnd.o(.text)
    .text                                    0x08000a58   Section        0  depilogue.o(.text)
    .text                                    0x08000b14   Section       36  init.o(.text)
    i.BusFault_Handler                       0x08000b38   Section        0  stm32f4xx_it.o(i.BusFault_Handler)
    i.CAN1_RX0_IRQHandler                    0x08000b3c   Section        0  stm32f4xx_it.o(i.CAN1_RX0_IRQHandler)
    i.CAN1_TX_IRQHandler                     0x08000b4c   Section        0  stm32f4xx_it.o(i.CAN1_TX_IRQHandler)
    i.DATARELOAD                             0x08000b5c   Section        0  yis130_1.o(i.DATARELOAD)
    i.DMA2_Stream2_IRQHandler                0x08000cec   Section        0  stm32f4xx_it.o(i.DMA2_Stream2_IRQHandler)
    i.DMA2_Stream7_IRQHandler                0x08000cfc   Section        0  stm32f4xx_it.o(i.DMA2_Stream7_IRQHandler)
    i.DMA_CalcBaseAndBitshift                0x08000d0c   Section        0  stm32f4xx_hal_dma.o(i.DMA_CalcBaseAndBitshift)
    DMA_CalcBaseAndBitshift                  0x08000d0d   Thumb Code    46  stm32f4xx_hal_dma.o(i.DMA_CalcBaseAndBitshift)
    i.DMA_CheckFifoParam                     0x08000d40   Section        0  stm32f4xx_hal_dma.o(i.DMA_CheckFifoParam)
    DMA_CheckFifoParam                       0x08000d41   Thumb Code   170  stm32f4xx_hal_dma.o(i.DMA_CheckFifoParam)
    i.DMA_SetConfig                          0x08000dea   Section        0  stm32f4xx_hal_dma.o(i.DMA_SetConfig)
    DMA_SetConfig                            0x08000deb   Thumb Code    44  stm32f4xx_hal_dma.o(i.DMA_SetConfig)
    i.DebugMon_Handler                       0x08000e16   Section        0  stm32f4xx_it.o(i.DebugMon_Handler)
    i.Error_Handler                          0x08000e18   Section        0  main.o(i.Error_Handler)
    i.ForEachSubsystem                       0x08000e20   Section        0  im_test_1.o(i.ForEachSubsystem)
    ForEachSubsystem                         0x08000e21   Thumb Code   216  im_test_1.o(i.ForEachSubsystem)
    i.HAL_CAN_ActivateNotification           0x08000efc   Section        0  stm32f4xx_hal_can.o(i.HAL_CAN_ActivateNotification)
    i.HAL_CAN_ConfigFilter                   0x08000f28   Section        0  stm32f4xx_hal_can.o(i.HAL_CAN_ConfigFilter)
    i.HAL_CAN_ErrorCallback                  0x0800104c   Section        0  stm32f4xx_hal_can.o(i.HAL_CAN_ErrorCallback)
    i.HAL_CAN_GetRxMessage                   0x0800104e   Section        0  stm32f4xx_hal_can.o(i.HAL_CAN_GetRxMessage)
    i.HAL_CAN_IRQHandler                     0x080011e2   Section        0  stm32f4xx_hal_can.o(i.HAL_CAN_IRQHandler)
    i.HAL_CAN_Init                           0x08001430   Section        0  stm32f4xx_hal_can.o(i.HAL_CAN_Init)
    i.HAL_CAN_MspInit                        0x080015a4   Section        0  can.o(i.HAL_CAN_MspInit)
    i.HAL_CAN_RxFifo0FullCallback            0x0800164c   Section        0  stm32f4xx_hal_can.o(i.HAL_CAN_RxFifo0FullCallback)
    i.HAL_CAN_RxFifo0MsgPendingCallback      0x08001650   Section        0  yis130_1.o(i.HAL_CAN_RxFifo0MsgPendingCallback)
    i.HAL_CAN_RxFifo1FullCallback            0x08001c58   Section        0  stm32f4xx_hal_can.o(i.HAL_CAN_RxFifo1FullCallback)
    i.HAL_CAN_RxFifo1MsgPendingCallback      0x08001c5a   Section        0  stm32f4xx_hal_can.o(i.HAL_CAN_RxFifo1MsgPendingCallback)
    i.HAL_CAN_SleepCallback                  0x08001c5c   Section        0  stm32f4xx_hal_can.o(i.HAL_CAN_SleepCallback)
    i.HAL_CAN_Start                          0x08001c5e   Section        0  stm32f4xx_hal_can.o(i.HAL_CAN_Start)
    i.HAL_CAN_TxMailbox0AbortCallback        0x08001cbc   Section        0  stm32f4xx_hal_can.o(i.HAL_CAN_TxMailbox0AbortCallback)
    i.HAL_CAN_TxMailbox0CompleteCallback     0x08001cbe   Section        0  stm32f4xx_hal_can.o(i.HAL_CAN_TxMailbox0CompleteCallback)
    i.HAL_CAN_TxMailbox1AbortCallback        0x08001cc0   Section        0  stm32f4xx_hal_can.o(i.HAL_CAN_TxMailbox1AbortCallback)
    i.HAL_CAN_TxMailbox1CompleteCallback     0x08001cc2   Section        0  stm32f4xx_hal_can.o(i.HAL_CAN_TxMailbox1CompleteCallback)
    i.HAL_CAN_TxMailbox2AbortCallback        0x08001cc4   Section        0  stm32f4xx_hal_can.o(i.HAL_CAN_TxMailbox2AbortCallback)
    i.HAL_CAN_TxMailbox2CompleteCallback     0x08001cc6   Section        0  stm32f4xx_hal_can.o(i.HAL_CAN_TxMailbox2CompleteCallback)
    i.HAL_CAN_WakeUpFromRxMsgCallback        0x08001cc8   Section        0  stm32f4xx_hal_can.o(i.HAL_CAN_WakeUpFromRxMsgCallback)
    i.HAL_DMA_Abort                          0x08001cca   Section        0  stm32f4xx_hal_dma.o(i.HAL_DMA_Abort)
    i.HAL_DMA_Abort_IT                       0x08001d76   Section        0  stm32f4xx_hal_dma.o(i.HAL_DMA_Abort_IT)
    i.HAL_DMA_IRQHandler                     0x08001da0   Section        0  stm32f4xx_hal_dma.o(i.HAL_DMA_IRQHandler)
    i.HAL_DMA_Init                           0x08001fe0   Section        0  stm32f4xx_hal_dma.o(i.HAL_DMA_Init)
    i.HAL_DMA_Start_IT                       0x080020cc   Section        0  stm32f4xx_hal_dma.o(i.HAL_DMA_Start_IT)
    i.HAL_Delay                              0x08002160   Section        0  stm32f4xx_hal.o(i.HAL_Delay)
    i.HAL_GPIO_Init                          0x08002188   Section        0  stm32f4xx_hal_gpio.o(i.HAL_GPIO_Init)
    i.HAL_GPIO_WritePin                      0x0800237c   Section        0  stm32f4xx_hal_gpio.o(i.HAL_GPIO_WritePin)
    i.HAL_GetTick                            0x08002388   Section        0  stm32f4xx_hal.o(i.HAL_GetTick)
    i.HAL_IncTick                            0x08002394   Section        0  stm32f4xx_hal.o(i.HAL_IncTick)
    i.HAL_Init                               0x080023ac   Section        0  stm32f4xx_hal.o(i.HAL_Init)
    i.HAL_InitTick                           0x080023e8   Section        0  stm32f4xx_hal.o(i.HAL_InitTick)
    i.HAL_MspInit                            0x08002434   Section        0  stm32f4xx_hal_msp.o(i.HAL_MspInit)
    i.HAL_NVIC_EnableIRQ                     0x0800247c   Section        0  stm32f4xx_hal_cortex.o(i.HAL_NVIC_EnableIRQ)
    i.HAL_NVIC_SetPriority                   0x080024a4   Section        0  stm32f4xx_hal_cortex.o(i.HAL_NVIC_SetPriority)
    i.HAL_NVIC_SetPriorityGrouping           0x08002520   Section        0  stm32f4xx_hal_cortex.o(i.HAL_NVIC_SetPriorityGrouping)
    i.HAL_RCC_ClockConfig                    0x08002548   Section        0  stm32f4xx_hal_rcc.o(i.HAL_RCC_ClockConfig)
    i.HAL_RCC_GetHCLKFreq                    0x080026cc   Section        0  stm32f4xx_hal_rcc.o(i.HAL_RCC_GetHCLKFreq)
    i.HAL_RCC_GetPCLK1Freq                   0x080026d8   Section        0  stm32f4xx_hal_rcc.o(i.HAL_RCC_GetPCLK1Freq)
    i.HAL_RCC_GetPCLK2Freq                   0x080026f8   Section        0  stm32f4xx_hal_rcc.o(i.HAL_RCC_GetPCLK2Freq)
    i.HAL_RCC_GetSysClockFreq                0x08002718   Section        0  stm32f4xx_hal_rcc.o(i.HAL_RCC_GetSysClockFreq)
    i.HAL_RCC_OscConfig                      0x080027c8   Section        0  stm32f4xx_hal_rcc.o(i.HAL_RCC_OscConfig)
    i.HAL_SPI_ErrorCallback                  0x08002c64   Section        0  stm32f4xx_hal_spi.o(i.HAL_SPI_ErrorCallback)
    i.HAL_SPI_IRQHandler                     0x08002c68   Section        0  stm32f4xx_hal_spi.o(i.HAL_SPI_IRQHandler)
    i.HAL_SPI_Init                           0x08002dc4   Section        0  stm32f4xx_hal_spi.o(i.HAL_SPI_Init)
    i.HAL_SPI_MspInit                        0x08002e8c   Section        0  spi.o(i.HAL_SPI_MspInit)
    i.HAL_SPI_TransmitReceive                0x08002fac   Section        0  stm32f4xx_hal_spi.o(i.HAL_SPI_TransmitReceive)
    i.HAL_SYSTICK_Config                     0x080031f4   Section        0  stm32f4xx_hal_cortex.o(i.HAL_SYSTICK_Config)
    i.HAL_TIMEx_BreakCallback                0x08003228   Section        0  stm32f4xx_hal_tim_ex.o(i.HAL_TIMEx_BreakCallback)
    i.HAL_TIMEx_CommutCallback               0x0800322a   Section        0  stm32f4xx_hal_tim_ex.o(i.HAL_TIMEx_CommutCallback)
    i.HAL_TIMEx_MasterConfigSynchronization  0x0800322c   Section        0  stm32f4xx_hal_tim_ex.o(i.HAL_TIMEx_MasterConfigSynchronization)
    i.HAL_TIM_Base_Init                      0x080032e0   Section        0  stm32f4xx_hal_tim.o(i.HAL_TIM_Base_Init)
    i.HAL_TIM_Base_MspInit                   0x08003348   Section        0  tim.o(i.HAL_TIM_Base_MspInit)
    i.HAL_TIM_Base_Start                     0x080033fc   Section        0  stm32f4xx_hal_tim.o(i.HAL_TIM_Base_Start)
    i.HAL_TIM_Base_Start_IT                  0x08003498   Section        0  stm32f4xx_hal_tim.o(i.HAL_TIM_Base_Start_IT)
    i.HAL_TIM_IC_CaptureCallback             0x08003540   Section        0  stm32f4xx_hal_tim.o(i.HAL_TIM_IC_CaptureCallback)
    i.HAL_TIM_IRQHandler                     0x08003542   Section        0  stm32f4xx_hal_tim.o(i.HAL_TIM_IRQHandler)
    i.HAL_TIM_OC_DelayElapsedCallback        0x080036ae   Section        0  stm32f4xx_hal_tim.o(i.HAL_TIM_OC_DelayElapsedCallback)
    i.HAL_TIM_PWM_PulseFinishedCallback      0x080036b0   Section        0  stm32f4xx_hal_tim.o(i.HAL_TIM_PWM_PulseFinishedCallback)
    i.HAL_TIM_PeriodElapsedCallback          0x080036b4   Section        0  main.o(i.HAL_TIM_PeriodElapsedCallback)
    i.HAL_TIM_TriggerCallback                0x080038b0   Section        0  stm32f4xx_hal_tim.o(i.HAL_TIM_TriggerCallback)
    i.HAL_UARTEx_RxEventCallback             0x080038b2   Section        0  stm32f4xx_hal_uart.o(i.HAL_UARTEx_RxEventCallback)
    i.HAL_UART_DMAStop                       0x080038b4   Section        0  stm32f4xx_hal_uart.o(i.HAL_UART_DMAStop)
    i.HAL_UART_ErrorCallback                 0x0800393e   Section        0  stm32f4xx_hal_uart.o(i.HAL_UART_ErrorCallback)
    i.HAL_UART_IRQHandler                    0x08003940   Section        0  stm32f4xx_hal_uart.o(i.HAL_UART_IRQHandler)
    i.HAL_UART_Init                          0x08003c28   Section        0  stm32f4xx_hal_uart.o(i.HAL_UART_Init)
    i.HAL_UART_MspInit                       0x08003ca0   Section        0  usart.o(i.HAL_UART_MspInit)
    i.HAL_UART_Receive_DMA                   0x08003dc8   Section        0  stm32f4xx_hal_uart.o(i.HAL_UART_Receive_DMA)
    i.HAL_UART_RxCpltCallback                0x08003df4   Section        0  stm32f4xx_hal_uart.o(i.HAL_UART_RxCpltCallback)
    i.HAL_UART_RxHalfCpltCallback            0x08003df6   Section        0  stm32f4xx_hal_uart.o(i.HAL_UART_RxHalfCpltCallback)
    i.HAL_UART_Transmit_DMA                  0x08003df8   Section        0  stm32f4xx_hal_uart.o(i.HAL_UART_Transmit_DMA)
    i.HAL_UART_TxCpltCallback                0x08003e84   Section        0  stm32f4xx_hal_uart.o(i.HAL_UART_TxCpltCallback)
    i.HAL_UART_TxHalfCpltCallback            0x08003e86   Section        0  stm32f4xx_hal_uart.o(i.HAL_UART_TxHalfCpltCallback)
    i.HardFault_Handler                      0x08003e88   Section        0  stm32f4xx_it.o(i.HardFault_Handler)
    i.IM_TEST_initialize                     0x08003e8c   Section        0  im_test_1.o(i.IM_TEST_initialize)
    i.IM_TEST_step                           0x08003ed8   Section        0  im_test_1.o(i.IM_TEST_step)
    i.MA600_Get_Angle                        0x080042a0   Section        0  ma600.o(i.MA600_Get_Angle)
    i.MA600_HandleInit                       0x080042e2   Section        0  ma600.o(i.MA600_HandleInit)
    i.MA600_dataUpdate                       0x080042fc   Section        0  ma600.o(i.MA600_dataUpdate)
    i.MX_CAN1_Init                           0x08004368   Section        0  can.o(i.MX_CAN1_Init)
    i.MX_DMA_Init                            0x080043ac   Section        0  dma.o(i.MX_DMA_Init)
    i.MX_GPIO_Init                           0x080043f4   Section        0  gpio.o(i.MX_GPIO_Init)
    i.MX_SPI1_Init                           0x080044cc   Section        0  spi.o(i.MX_SPI1_Init)
    i.MX_SPI2_Init                           0x08004518   Section        0  spi.o(i.MX_SPI2_Init)
    i.MX_TIM11_Init                          0x08004560   Section        0  tim.o(i.MX_TIM11_Init)
    i.MX_TIM14_Init                          0x08004590   Section        0  tim.o(i.MX_TIM14_Init)
    i.MX_TIM6_Init                           0x080045c4   Section        0  tim.o(i.MX_TIM6_Init)
    i.MX_USART1_UART_Init                    0x08004610   Section        0  usart.o(i.MX_USART1_UART_Init)
    i.MemManage_Handler                      0x08004650   Section        0  stm32f4xx_it.o(i.MemManage_Handler)
    i.NMI_Handler                            0x08004654   Section        0  stm32f4xx_it.o(i.NMI_Handler)
    i.PendSV_Handler                         0x08004658   Section        0  stm32f4xx_it.o(i.PendSV_Handler)
    i.Rcv_DealData                           0x0800465c   Section        0  main.o(i.Rcv_DealData)
    i.Rcv_IdleCallback                       0x080046ec   Section        0  main.o(i.Rcv_IdleCallback)
    i.SPI1_IRQHandler                        0x0800472c   Section        0  stm32f4xx_it.o(i.SPI1_IRQHandler)
    i.SPI2_IRQHandler                        0x0800473c   Section        0  stm32f4xx_it.o(i.SPI2_IRQHandler)
    i.SPI_DMAAbortOnError                    0x0800474c   Section        0  stm32f4xx_hal_spi.o(i.SPI_DMAAbortOnError)
    SPI_DMAAbortOnError                      0x0800474d   Thumb Code    20  stm32f4xx_hal_spi.o(i.SPI_DMAAbortOnError)
    i.SPI_EndRxTxTransaction                 0x08004760   Section        0  stm32f4xx_hal_spi.o(i.SPI_EndRxTxTransaction)
    SPI_EndRxTxTransaction                   0x08004761   Thumb Code   128  stm32f4xx_hal_spi.o(i.SPI_EndRxTxTransaction)
    i.SPI_WaitFlagStateUntilTimeout          0x080047e8   Section        0  stm32f4xx_hal_spi.o(i.SPI_WaitFlagStateUntilTimeout)
    SPI_WaitFlagStateUntilTimeout            0x080047e9   Thumb Code   210  stm32f4xx_hal_spi.o(i.SPI_WaitFlagStateUntilTimeout)
    i.SVC_Handler                            0x080048c0   Section        0  stm32f4xx_it.o(i.SVC_Handler)
    i.SysTick_Handler                        0x080048c2   Section        0  stm32f4xx_it.o(i.SysTick_Handler)
    i.SystemClock_Config                     0x080048cc   Section        0  main.o(i.SystemClock_Config)
    i.SystemInit                             0x08004980   Section        0  system_stm32f4xx.o(i.SystemInit)
    i.TIM1_TRG_COM_TIM11_IRQHandler          0x08004994   Section        0  stm32f4xx_it.o(i.TIM1_TRG_COM_TIM11_IRQHandler)
    i.TIM8_TRG_COM_TIM14_IRQHandler          0x080049a4   Section        0  stm32f4xx_it.o(i.TIM8_TRG_COM_TIM14_IRQHandler)
    i.TIM_Base_SetConfig                     0x080049b4   Section        0  stm32f4xx_hal_tim.o(i.TIM_Base_SetConfig)
    i.UART_DMAAbortOnError                   0x08004a9c   Section        0  stm32f4xx_hal_uart.o(i.UART_DMAAbortOnError)
    UART_DMAAbortOnError                     0x08004a9d   Thumb Code    20  stm32f4xx_hal_uart.o(i.UART_DMAAbortOnError)
    i.UART_DMAError                          0x08004ab0   Section        0  stm32f4xx_hal_uart.o(i.UART_DMAError)
    UART_DMAError                            0x08004ab1   Thumb Code    80  stm32f4xx_hal_uart.o(i.UART_DMAError)
    i.UART_DMAReceiveCplt                    0x08004b00   Section        0  stm32f4xx_hal_uart.o(i.UART_DMAReceiveCplt)
    UART_DMAReceiveCplt                      0x08004b01   Thumb Code   180  stm32f4xx_hal_uart.o(i.UART_DMAReceiveCplt)
    i.UART_DMARxHalfCplt                     0x08004bb4   Section        0  stm32f4xx_hal_uart.o(i.UART_DMARxHalfCplt)
    UART_DMARxHalfCplt                       0x08004bb5   Thumb Code    36  stm32f4xx_hal_uart.o(i.UART_DMARxHalfCplt)
    i.UART_DMATransmitCplt                   0x08004bd8   Section        0  stm32f4xx_hal_uart.o(i.UART_DMATransmitCplt)
    UART_DMATransmitCplt                     0x08004bd9   Thumb Code    88  stm32f4xx_hal_uart.o(i.UART_DMATransmitCplt)
    i.UART_DMATxHalfCplt                     0x08004c30   Section        0  stm32f4xx_hal_uart.o(i.UART_DMATxHalfCplt)
    UART_DMATxHalfCplt                       0x08004c31   Thumb Code    14  stm32f4xx_hal_uart.o(i.UART_DMATxHalfCplt)
    i.UART_EndRxTransfer                     0x08004c3e   Section        0  stm32f4xx_hal_uart.o(i.UART_EndRxTransfer)
    UART_EndRxTransfer                       0x08004c3f   Thumb Code   108  stm32f4xx_hal_uart.o(i.UART_EndRxTransfer)
    i.UART_EndTransmit_IT                    0x08004caa   Section        0  stm32f4xx_hal_uart.o(i.UART_EndTransmit_IT)
    UART_EndTransmit_IT                      0x08004cab   Thumb Code    32  stm32f4xx_hal_uart.o(i.UART_EndTransmit_IT)
    i.UART_EndTxTransfer                     0x08004cca   Section        0  stm32f4xx_hal_uart.o(i.UART_EndTxTransfer)
    UART_EndTxTransfer                       0x08004ccb   Thumb Code    38  stm32f4xx_hal_uart.o(i.UART_EndTxTransfer)
    i.UART_Receive_IT                        0x08004cf0   Section        0  stm32f4xx_hal_uart.o(i.UART_Receive_IT)
    UART_Receive_IT                          0x08004cf1   Thumb Code   252  stm32f4xx_hal_uart.o(i.UART_Receive_IT)
    i.UART_SetConfig                         0x08004dec   Section        0  stm32f4xx_hal_uart.o(i.UART_SetConfig)
    UART_SetConfig                           0x08004ded   Thumb Code   546  stm32f4xx_hal_uart.o(i.UART_SetConfig)
    i.UART_Start_Receive_DMA                 0x08005018   Section        0  stm32f4xx_hal_uart.o(i.UART_Start_Receive_DMA)
    i.UART_Transmit_IT                       0x080050e0   Section        0  stm32f4xx_hal_uart.o(i.UART_Transmit_IT)
    UART_Transmit_IT                         0x080050e1   Thumb Code    96  stm32f4xx_hal_uart.o(i.UART_Transmit_IT)
    i.USART1_IRQHandler                      0x08005140   Section        0  stm32f4xx_it.o(i.USART1_IRQHandler)
    i.UsageFault_Handler                     0x08005154   Section        0  stm32f4xx_it.o(i.UsageFault_Handler)
    i.VECTOR_CONVERT                         0x08005158   Section        0  yis130_1.o(i.VECTOR_CONVERT)
    i.__NVIC_GetPriorityGrouping             0x080053ec   Section        0  stm32f4xx_hal_cortex.o(i.__NVIC_GetPriorityGrouping)
    __NVIC_GetPriorityGrouping               0x080053ed   Thumb Code    10  stm32f4xx_hal_cortex.o(i.__NVIC_GetPriorityGrouping)
    i.__NVIC_SetPriority                     0x080053fc   Section        0  stm32f4xx_hal_cortex.o(i.__NVIC_SetPriority)
    __NVIC_SetPriority                       0x080053fd   Thumb Code    32  stm32f4xx_hal_cortex.o(i.__NVIC_SetPriority)
    i.__hardfp_roundf                        0x08005424   Section        0  roundf.o(i.__hardfp_roundf)
    i.__scatterload_copy                     0x080054be   Section       14  handlers.o(i.__scatterload_copy)
    i.__scatterload_null                     0x080054cc   Section        2  handlers.o(i.__scatterload_null)
    i.__scatterload_zeroinit                 0x080054ce   Section       14  handlers.o(i.__scatterload_zeroinit)
    i.can_filter_init                        0x080054dc   Section        0  yis130_1.o(i.can_filter_init)
    i.main                                   0x08005518   Section        0  main.o(i.main)
    i.rtGetInf                               0x080055fc   Section        0  im_test_1.o(i.rtGetInf)
    rtGetInf                                 0x080055fd   Thumb Code    84  im_test_1.o(i.rtGetInf)
    i.rtGetInfF                              0x0800565c   Section        0  im_test_1.o(i.rtGetInfF)
    rtGetInfF                                0x0800565d   Thumb Code    14  im_test_1.o(i.rtGetInfF)
    i.rtGetMinusInf                          0x0800566c   Section        0  im_test_1.o(i.rtGetMinusInf)
    rtGetMinusInf                            0x0800566d   Thumb Code    84  im_test_1.o(i.rtGetMinusInf)
    i.rtGetMinusInfF                         0x080056cc   Section        0  im_test_1.o(i.rtGetMinusInfF)
    rtGetMinusInfF                           0x080056cd   Thumb Code    12  im_test_1.o(i.rtGetMinusInfF)
    i.rtGetNaN                               0x080056dc   Section        0  im_test_1.o(i.rtGetNaN)
    rtGetNaN                                 0x080056dd   Thumb Code    84  im_test_1.o(i.rtGetNaN)
    i.rtGetNaNF                              0x0800573c   Section        0  im_test_1.o(i.rtGetNaNF)
    rtGetNaNF                                0x0800573d   Thumb Code    16  im_test_1.o(i.rtGetNaNF)
    i.rtIsNaNF                               0x08005750   Section        0  im_test_1.o(i.rtIsNaNF)
    rtIsNaNF                                 0x08005751   Thumb Code    34  im_test_1.o(i.rtIsNaNF)
    i.rt_InitInfAndNaN                       0x08005774   Section        0  im_test_1.o(i.rt_InitInfAndNaN)
    rt_InitInfAndNaN                         0x08005775   Thumb Code    66  im_test_1.o(i.rt_InitInfAndNaN)
    .constdata                               0x080057d0   Section      128  yis130_1.o(.constdata)
    .constdata                               0x08005850   Section        8  stm32f4xx_hal_dma.o(.constdata)
    flagBitshiftOffset                       0x08005850   Data           8  stm32f4xx_hal_dma.o(.constdata)
    .constdata                               0x08005858   Section       24  system_stm32f4xx.o(.constdata)
    .constdata                               0x08005870   Section     2052  arm_common_tables.o(.constdata)
    .data                                    0x20000000   Section       52  main.o(.data)
    .data                                    0x20000038   Section       44  im_test_1.o(.data)
    rtM_                                     0x20000038   Data           4  im_test_1.o(.data)
    .data                                    0x20000064   Section       36  yis130_1.o(.data)
    encoder_can_send_data                    0x20000078   Data           4  yis130_1.o(.data)
    .data                                    0x20000088   Section        9  stm32f4xx_hal.o(.data)
    .data                                    0x20000094   Section        4  system_stm32f4xx.o(.data)
    .bss                                     0x20000098   Section      137  main.o(.bss)
    .bss                                     0x20000124   Section       40  can.o(.bss)
    .bss                                     0x2000014c   Section      176  spi.o(.bss)
    .bss                                     0x200001fc   Section      216  tim.o(.bss)
    .bss                                     0x200002d4   Section      264  usart.o(.bss)
    .bss                                     0x200003e0   Section    32860  im_test_1.o(.bss)
    .bss                                     0x2000843c   Section       80  ma600.o(.bss)
    .bss                                     0x20008490   Section     3020  yis130_1.o(.bss)
    testInput_f32_50Hz_200Hz_X               0x20008490   Data         512  yis130_1.o(.bss)
    testInput_f32_50Hz_200Hz_Y               0x20008690   Data         512  yis130_1.o(.bss)
    testOutput_X                             0x20008890   Data         512  yis130_1.o(.bss)
    testOutput_Y                             0x20008a90   Data         512  yis130_1.o(.bss)
    firStateF32_X                            0x20008c90   Data         116  yis130_1.o(.bss)
    firStateF32_Y                            0x20008d04   Data         116  yis130_1.o(.bss)
    encoder_tx_message                       0x20009044   Data          24  yis130_1.o(.bss)
    STACK                                    0x20009060   Section     1024  startup_stm32f407xx.o(STACK)

    Global Symbols

    Symbol Name                              Value     Ov Type        Size  Object(Section)

    BuildAttributes$$THM_ISAv4$E$P$D$K$B$S$7EM$VFPi3$EXTD16$VFPS$VFMA$PE$A:L22UL41UL21$X:L11$S22US41US21$IEEE1$IW$USESV6$~STKCKD$USESV7$~SHL$OTIME$ROPI$IEEEX$EBA8$MICROLIB$REQ8$PRES8$EABIv2 0x00000000   Number         0  anon$$obj.o ABSOLUTE
    __ARM_use_no_argv                        0x00000000   Number         0  main.o ABSOLUTE
    __arm_fini_                               - Undefined Weak Reference
    __cpp_initialize__aeabi_                  - Undefined Weak Reference
    __cxa_finalize                            - Undefined Weak Reference
    __decompress                              - Undefined Weak Reference
    _clock_init                               - Undefined Weak Reference
    _microlib_exit                            - Undefined Weak Reference
    __Vectors_Size                           0x00000188   Number         0  startup_stm32f407xx.o ABSOLUTE
    __Vectors                                0x08000000   Data           4  startup_stm32f407xx.o(RESET)
    __Vectors_End                            0x08000188   Data           0  startup_stm32f407xx.o(RESET)
    __main                                   0x08000189   Thumb Code     0  entry.o(.ARM.Collect$$$$00000000)
    _main_stk                                0x08000189   Thumb Code     0  entry2.o(.ARM.Collect$$$$00000001)
    _main_scatterload                        0x0800018d   Thumb Code     0  entry5.o(.ARM.Collect$$$$00000004)
    __main_after_scatterload                 0x08000191   Thumb Code     0  entry5.o(.ARM.Collect$$$$00000004)
    _main_clock                              0x08000191   Thumb Code     0  entry7b.o(.ARM.Collect$$$$00000008)
    _main_cpp_init                           0x08000191   Thumb Code     0  entry8b.o(.ARM.Collect$$$$0000000A)
    _main_init                               0x08000191   Thumb Code     0  entry9a.o(.ARM.Collect$$$$0000000B)
    __rt_lib_shutdown_fini                   0x08000199   Thumb Code     0  entry12b.o(.ARM.Collect$$$$0000000E)
    __rt_final_cpp                           0x0800019d   Thumb Code     0  entry10a.o(.ARM.Collect$$$$0000000F)
    __rt_final_exit                          0x0800019d   Thumb Code     0  entry11a.o(.ARM.Collect$$$$00000011)
    Reset_Handler                            0x080001a1   Thumb Code     8  startup_stm32f407xx.o(.text)
    ADC_IRQHandler                           0x080001bb   Thumb Code     0  startup_stm32f407xx.o(.text)
    CAN1_RX1_IRQHandler                      0x080001bb   Thumb Code     0  startup_stm32f407xx.o(.text)
    CAN1_SCE_IRQHandler                      0x080001bb   Thumb Code     0  startup_stm32f407xx.o(.text)
    CAN2_RX0_IRQHandler                      0x080001bb   Thumb Code     0  startup_stm32f407xx.o(.text)
    CAN2_RX1_IRQHandler                      0x080001bb   Thumb Code     0  startup_stm32f407xx.o(.text)
    CAN2_SCE_IRQHandler                      0x080001bb   Thumb Code     0  startup_stm32f407xx.o(.text)
    CAN2_TX_IRQHandler                       0x080001bb   Thumb Code     0  startup_stm32f407xx.o(.text)
    DCMI_IRQHandler                          0x080001bb   Thumb Code     0  startup_stm32f407xx.o(.text)
    DMA1_Stream0_IRQHandler                  0x080001bb   Thumb Code     0  startup_stm32f407xx.o(.text)
    DMA1_Stream1_IRQHandler                  0x080001bb   Thumb Code     0  startup_stm32f407xx.o(.text)
    DMA1_Stream2_IRQHandler                  0x080001bb   Thumb Code     0  startup_stm32f407xx.o(.text)
    DMA1_Stream3_IRQHandler                  0x080001bb   Thumb Code     0  startup_stm32f407xx.o(.text)
    DMA1_Stream4_IRQHandler                  0x080001bb   Thumb Code     0  startup_stm32f407xx.o(.text)
    DMA1_Stream5_IRQHandler                  0x080001bb   Thumb Code     0  startup_stm32f407xx.o(.text)
    DMA1_Stream6_IRQHandler                  0x080001bb   Thumb Code     0  startup_stm32f407xx.o(.text)
    DMA1_Stream7_IRQHandler                  0x080001bb   Thumb Code     0  startup_stm32f407xx.o(.text)
    DMA2_Stream0_IRQHandler                  0x080001bb   Thumb Code     0  startup_stm32f407xx.o(.text)
    DMA2_Stream1_IRQHandler                  0x080001bb   Thumb Code     0  startup_stm32f407xx.o(.text)
    DMA2_Stream3_IRQHandler                  0x080001bb   Thumb Code     0  startup_stm32f407xx.o(.text)
    DMA2_Stream4_IRQHandler                  0x080001bb   Thumb Code     0  startup_stm32f407xx.o(.text)
    DMA2_Stream5_IRQHandler                  0x080001bb   Thumb Code     0  startup_stm32f407xx.o(.text)
    DMA2_Stream6_IRQHandler                  0x080001bb   Thumb Code     0  startup_stm32f407xx.o(.text)
    ETH_IRQHandler                           0x080001bb   Thumb Code     0  startup_stm32f407xx.o(.text)
    ETH_WKUP_IRQHandler                      0x080001bb   Thumb Code     0  startup_stm32f407xx.o(.text)
    EXTI0_IRQHandler                         0x080001bb   Thumb Code     0  startup_stm32f407xx.o(.text)
    EXTI15_10_IRQHandler                     0x080001bb   Thumb Code     0  startup_stm32f407xx.o(.text)
    EXTI1_IRQHandler                         0x080001bb   Thumb Code     0  startup_stm32f407xx.o(.text)
    EXTI2_IRQHandler                         0x080001bb   Thumb Code     0  startup_stm32f407xx.o(.text)
    EXTI3_IRQHandler                         0x080001bb   Thumb Code     0  startup_stm32f407xx.o(.text)
    EXTI4_IRQHandler                         0x080001bb   Thumb Code     0  startup_stm32f407xx.o(.text)
    EXTI9_5_IRQHandler                       0x080001bb   Thumb Code     0  startup_stm32f407xx.o(.text)
    FLASH_IRQHandler                         0x080001bb   Thumb Code     0  startup_stm32f407xx.o(.text)
    FMC_IRQHandler                           0x080001bb   Thumb Code     0  startup_stm32f407xx.o(.text)
    FPU_IRQHandler                           0x080001bb   Thumb Code     0  startup_stm32f407xx.o(.text)
    HASH_RNG_IRQHandler                      0x080001bb   Thumb Code     0  startup_stm32f407xx.o(.text)
    I2C1_ER_IRQHandler                       0x080001bb   Thumb Code     0  startup_stm32f407xx.o(.text)
    I2C1_EV_IRQHandler                       0x080001bb   Thumb Code     0  startup_stm32f407xx.o(.text)
    I2C2_ER_IRQHandler                       0x080001bb   Thumb Code     0  startup_stm32f407xx.o(.text)
    I2C2_EV_IRQHandler                       0x080001bb   Thumb Code     0  startup_stm32f407xx.o(.text)
    I2C3_ER_IRQHandler                       0x080001bb   Thumb Code     0  startup_stm32f407xx.o(.text)
    I2C3_EV_IRQHandler                       0x080001bb   Thumb Code     0  startup_stm32f407xx.o(.text)
    OTG_FS_IRQHandler                        0x080001bb   Thumb Code     0  startup_stm32f407xx.o(.text)
    OTG_FS_WKUP_IRQHandler                   0x080001bb   Thumb Code     0  startup_stm32f407xx.o(.text)
    OTG_HS_EP1_IN_IRQHandler                 0x080001bb   Thumb Code     0  startup_stm32f407xx.o(.text)
    OTG_HS_EP1_OUT_IRQHandler                0x080001bb   Thumb Code     0  startup_stm32f407xx.o(.text)
    OTG_HS_IRQHandler                        0x080001bb   Thumb Code     0  startup_stm32f407xx.o(.text)
    OTG_HS_WKUP_IRQHandler                   0x080001bb   Thumb Code     0  startup_stm32f407xx.o(.text)
    PVD_IRQHandler                           0x080001bb   Thumb Code     0  startup_stm32f407xx.o(.text)
    RCC_IRQHandler                           0x080001bb   Thumb Code     0  startup_stm32f407xx.o(.text)
    RTC_Alarm_IRQHandler                     0x080001bb   Thumb Code     0  startup_stm32f407xx.o(.text)
    RTC_WKUP_IRQHandler                      0x080001bb   Thumb Code     0  startup_stm32f407xx.o(.text)
    SDIO_IRQHandler                          0x080001bb   Thumb Code     0  startup_stm32f407xx.o(.text)
    SPI3_IRQHandler                          0x080001bb   Thumb Code     0  startup_stm32f407xx.o(.text)
    TAMP_STAMP_IRQHandler                    0x080001bb   Thumb Code     0  startup_stm32f407xx.o(.text)
    TIM1_BRK_TIM9_IRQHandler                 0x080001bb   Thumb Code     0  startup_stm32f407xx.o(.text)
    TIM1_CC_IRQHandler                       0x080001bb   Thumb Code     0  startup_stm32f407xx.o(.text)
    TIM1_UP_TIM10_IRQHandler                 0x080001bb   Thumb Code     0  startup_stm32f407xx.o(.text)
    TIM2_IRQHandler                          0x080001bb   Thumb Code     0  startup_stm32f407xx.o(.text)
    TIM3_IRQHandler                          0x080001bb   Thumb Code     0  startup_stm32f407xx.o(.text)
    TIM4_IRQHandler                          0x080001bb   Thumb Code     0  startup_stm32f407xx.o(.text)
    TIM5_IRQHandler                          0x080001bb   Thumb Code     0  startup_stm32f407xx.o(.text)
    TIM6_DAC_IRQHandler                      0x080001bb   Thumb Code     0  startup_stm32f407xx.o(.text)
    TIM7_IRQHandler                          0x080001bb   Thumb Code     0  startup_stm32f407xx.o(.text)
    TIM8_BRK_TIM12_IRQHandler                0x080001bb   Thumb Code     0  startup_stm32f407xx.o(.text)
    TIM8_CC_IRQHandler                       0x080001bb   Thumb Code     0  startup_stm32f407xx.o(.text)
    TIM8_UP_TIM13_IRQHandler                 0x080001bb   Thumb Code     0  startup_stm32f407xx.o(.text)
    UART4_IRQHandler                         0x080001bb   Thumb Code     0  startup_stm32f407xx.o(.text)
    UART5_IRQHandler                         0x080001bb   Thumb Code     0  startup_stm32f407xx.o(.text)
    USART2_IRQHandler                        0x080001bb   Thumb Code     0  startup_stm32f407xx.o(.text)
    USART3_IRQHandler                        0x080001bb   Thumb Code     0  startup_stm32f407xx.o(.text)
    USART6_IRQHandler                        0x080001bb   Thumb Code     0  startup_stm32f407xx.o(.text)
    WWDG_IRQHandler                          0x080001bb   Thumb Code     0  startup_stm32f407xx.o(.text)
    arm_cos_f32                              0x080001c5   Thumb Code   108  arm_cos_f32.o(.text)
    arm_sin_f32                              0x0800023d   Thumb Code   130  arm_sin_f32.o(.text)
    arm_mat_init_f32                         0x080002d1   Thumb Code     8  arm_mat_init_f32.o(.text)
    arm_mat_mult_f32                         0x080002d9   Thumb Code   312  arm_mat_mult_f32.o(.text)
    arm_mat_trans_f32                        0x08000415   Thumb Code   276  arm_mat_trans_f32.o(.text)
    __aeabi_uldivmod                         0x08000529   Thumb Code    98  uldiv.o(.text)
    __aeabi_memset                           0x0800058b   Thumb Code    14  memseta.o(.text)
    __aeabi_memset4                          0x0800058b   Thumb Code     0  memseta.o(.text)
    __aeabi_memset8                          0x0800058b   Thumb Code     0  memseta.o(.text)
    __aeabi_memclr                           0x08000599   Thumb Code     4  memseta.o(.text)
    __aeabi_memclr4                          0x08000599   Thumb Code     0  memseta.o(.text)
    __aeabi_memclr8                          0x08000599   Thumb Code     0  memseta.o(.text)
    _memset$wrapper                          0x0800059d   Thumb Code    18  memseta.o(.text)
    __aeabi_dadd                             0x080005af   Thumb Code   322  dadd.o(.text)
    __aeabi_dsub                             0x080006f1   Thumb Code     6  dadd.o(.text)
    __aeabi_drsub                            0x080006f7   Thumb Code     6  dadd.o(.text)
    __aeabi_dmul                             0x080006fd   Thumb Code   228  dmul.o(.text)
    __aeabi_ddiv                             0x080007e1   Thumb Code   222  ddiv.o(.text)
    __aeabi_f2d                              0x080008bf   Thumb Code    38  f2d.o(.text)
    __aeabi_cdrcmple                         0x080008e5   Thumb Code    48  cdrcmple.o(.text)
    __aeabi_d2f                              0x08000915   Thumb Code    56  d2f.o(.text)
    __aeabi_llsl                             0x0800094d   Thumb Code    30  llshl.o(.text)
    _ll_shift_l                              0x0800094d   Thumb Code     0  llshl.o(.text)
    __aeabi_llsr                             0x0800096b   Thumb Code    32  llushr.o(.text)
    _ll_ushift_r                             0x0800096b   Thumb Code     0  llushr.o(.text)
    __aeabi_lasr                             0x0800098b   Thumb Code    36  llsshr.o(.text)
    _ll_sshift_r                             0x0800098b   Thumb Code     0  llsshr.o(.text)
    __I$use$fp                               0x080009af   Thumb Code     0  iusefp.o(.text)
    _float_round                             0x080009af   Thumb Code    18  fepilogue.o(.text)
    _float_epilogue                          0x080009c1   Thumb Code    92  fepilogue.o(.text)
    _frnd                                    0x08000a1d   Thumb Code    60  frnd.o(.text)
    _double_round                            0x08000a59   Thumb Code    30  depilogue.o(.text)
    _double_epilogue                         0x08000a77   Thumb Code   156  depilogue.o(.text)
    __scatterload                            0x08000b15   Thumb Code    28  init.o(.text)
    __scatterload_rt2                        0x08000b15   Thumb Code     0  init.o(.text)
    BusFault_Handler                         0x08000b39   Thumb Code     4  stm32f4xx_it.o(i.BusFault_Handler)
    CAN1_RX0_IRQHandler                      0x08000b3d   Thumb Code    10  stm32f4xx_it.o(i.CAN1_RX0_IRQHandler)
    CAN1_TX_IRQHandler                       0x08000b4d   Thumb Code    10  stm32f4xx_it.o(i.CAN1_TX_IRQHandler)
    DATARELOAD                               0x08000b5d   Thumb Code   382  yis130_1.o(i.DATARELOAD)
    DMA2_Stream2_IRQHandler                  0x08000ced   Thumb Code    10  stm32f4xx_it.o(i.DMA2_Stream2_IRQHandler)
    DMA2_Stream7_IRQHandler                  0x08000cfd   Thumb Code    10  stm32f4xx_it.o(i.DMA2_Stream7_IRQHandler)
    DebugMon_Handler                         0x08000e17   Thumb Code     2  stm32f4xx_it.o(i.DebugMon_Handler)
    Error_Handler                            0x08000e19   Thumb Code     6  main.o(i.Error_Handler)
    HAL_CAN_ActivateNotification             0x08000efd   Thumb Code    42  stm32f4xx_hal_can.o(i.HAL_CAN_ActivateNotification)
    HAL_CAN_ConfigFilter                     0x08000f29   Thumb Code   286  stm32f4xx_hal_can.o(i.HAL_CAN_ConfigFilter)
    HAL_CAN_ErrorCallback                    0x0800104d   Thumb Code     2  stm32f4xx_hal_can.o(i.HAL_CAN_ErrorCallback)
    HAL_CAN_GetRxMessage                     0x0800104f   Thumb Code   404  stm32f4xx_hal_can.o(i.HAL_CAN_GetRxMessage)
    HAL_CAN_IRQHandler                       0x080011e3   Thumb Code   590  stm32f4xx_hal_can.o(i.HAL_CAN_IRQHandler)
    HAL_CAN_Init                             0x08001431   Thumb Code   372  stm32f4xx_hal_can.o(i.HAL_CAN_Init)
    HAL_CAN_MspInit                          0x080015a5   Thumb Code   156  can.o(i.HAL_CAN_MspInit)
    HAL_CAN_RxFifo0FullCallback              0x0800164d   Thumb Code     2  stm32f4xx_hal_can.o(i.HAL_CAN_RxFifo0FullCallback)
    HAL_CAN_RxFifo0MsgPendingCallback        0x08001651   Thumb Code  1514  yis130_1.o(i.HAL_CAN_RxFifo0MsgPendingCallback)
    HAL_CAN_RxFifo1FullCallback              0x08001c59   Thumb Code     2  stm32f4xx_hal_can.o(i.HAL_CAN_RxFifo1FullCallback)
    HAL_CAN_RxFifo1MsgPendingCallback        0x08001c5b   Thumb Code     2  stm32f4xx_hal_can.o(i.HAL_CAN_RxFifo1MsgPendingCallback)
    HAL_CAN_SleepCallback                    0x08001c5d   Thumb Code     2  stm32f4xx_hal_can.o(i.HAL_CAN_SleepCallback)
    HAL_CAN_Start                            0x08001c5f   Thumb Code    94  stm32f4xx_hal_can.o(i.HAL_CAN_Start)
    HAL_CAN_TxMailbox0AbortCallback          0x08001cbd   Thumb Code     2  stm32f4xx_hal_can.o(i.HAL_CAN_TxMailbox0AbortCallback)
    HAL_CAN_TxMailbox0CompleteCallback       0x08001cbf   Thumb Code     2  stm32f4xx_hal_can.o(i.HAL_CAN_TxMailbox0CompleteCallback)
    HAL_CAN_TxMailbox1AbortCallback          0x08001cc1   Thumb Code     2  stm32f4xx_hal_can.o(i.HAL_CAN_TxMailbox1AbortCallback)
    HAL_CAN_TxMailbox1CompleteCallback       0x08001cc3   Thumb Code     2  stm32f4xx_hal_can.o(i.HAL_CAN_TxMailbox1CompleteCallback)
    HAL_CAN_TxMailbox2AbortCallback          0x08001cc5   Thumb Code     2  stm32f4xx_hal_can.o(i.HAL_CAN_TxMailbox2AbortCallback)
    HAL_CAN_TxMailbox2CompleteCallback       0x08001cc7   Thumb Code     2  stm32f4xx_hal_can.o(i.HAL_CAN_TxMailbox2CompleteCallback)
    HAL_CAN_WakeUpFromRxMsgCallback          0x08001cc9   Thumb Code     2  stm32f4xx_hal_can.o(i.HAL_CAN_WakeUpFromRxMsgCallback)
    HAL_DMA_Abort                            0x08001ccb   Thumb Code   172  stm32f4xx_hal_dma.o(i.HAL_DMA_Abort)
    HAL_DMA_Abort_IT                         0x08001d77   Thumb Code    40  stm32f4xx_hal_dma.o(i.HAL_DMA_Abort_IT)
    HAL_DMA_IRQHandler                       0x08001da1   Thumb Code   570  stm32f4xx_hal_dma.o(i.HAL_DMA_IRQHandler)
    HAL_DMA_Init                             0x08001fe1   Thumb Code   232  stm32f4xx_hal_dma.o(i.HAL_DMA_Init)
    HAL_DMA_Start_IT                         0x080020cd   Thumb Code   146  stm32f4xx_hal_dma.o(i.HAL_DMA_Start_IT)
    HAL_Delay                                0x08002161   Thumb Code    36  stm32f4xx_hal.o(i.HAL_Delay)
    HAL_GPIO_Init                            0x08002189   Thumb Code   454  stm32f4xx_hal_gpio.o(i.HAL_GPIO_Init)
    HAL_GPIO_WritePin                        0x0800237d   Thumb Code    12  stm32f4xx_hal_gpio.o(i.HAL_GPIO_WritePin)
    HAL_GetTick                              0x08002389   Thumb Code     6  stm32f4xx_hal.o(i.HAL_GetTick)
    HAL_IncTick                              0x08002395   Thumb Code    16  stm32f4xx_hal.o(i.HAL_IncTick)
    HAL_Init                                 0x080023ad   Thumb Code    54  stm32f4xx_hal.o(i.HAL_Init)
    HAL_InitTick                             0x080023e9   Thumb Code    64  stm32f4xx_hal.o(i.HAL_InitTick)
    HAL_MspInit                              0x08002435   Thumb Code    68  stm32f4xx_hal_msp.o(i.HAL_MspInit)
    HAL_NVIC_EnableIRQ                       0x0800247d   Thumb Code    40  stm32f4xx_hal_cortex.o(i.HAL_NVIC_EnableIRQ)
    HAL_NVIC_SetPriority                     0x080024a5   Thumb Code   124  stm32f4xx_hal_cortex.o(i.HAL_NVIC_SetPriority)
    HAL_NVIC_SetPriorityGrouping             0x08002521   Thumb Code    32  stm32f4xx_hal_cortex.o(i.HAL_NVIC_SetPriorityGrouping)
    HAL_RCC_ClockConfig                      0x08002549   Thumb Code   368  stm32f4xx_hal_rcc.o(i.HAL_RCC_ClockConfig)
    HAL_RCC_GetHCLKFreq                      0x080026cd   Thumb Code     6  stm32f4xx_hal_rcc.o(i.HAL_RCC_GetHCLKFreq)
    HAL_RCC_GetPCLK1Freq                     0x080026d9   Thumb Code    22  stm32f4xx_hal_rcc.o(i.HAL_RCC_GetPCLK1Freq)
    HAL_RCC_GetPCLK2Freq                     0x080026f9   Thumb Code    22  stm32f4xx_hal_rcc.o(i.HAL_RCC_GetPCLK2Freq)
    HAL_RCC_GetSysClockFreq                  0x08002719   Thumb Code   162  stm32f4xx_hal_rcc.o(i.HAL_RCC_GetSysClockFreq)
    HAL_RCC_OscConfig                        0x080027c9   Thumb Code  1172  stm32f4xx_hal_rcc.o(i.HAL_RCC_OscConfig)
    HAL_SPI_ErrorCallback                    0x08002c65   Thumb Code     2  stm32f4xx_hal_spi.o(i.HAL_SPI_ErrorCallback)
    HAL_SPI_IRQHandler                       0x08002c69   Thumb Code   342  stm32f4xx_hal_spi.o(i.HAL_SPI_IRQHandler)
    HAL_SPI_Init                             0x08002dc5   Thumb Code   200  stm32f4xx_hal_spi.o(i.HAL_SPI_Init)
    HAL_SPI_MspInit                          0x08002e8d   Thumb Code   266  spi.o(i.HAL_SPI_MspInit)
    HAL_SPI_TransmitReceive                  0x08002fad   Thumb Code   584  stm32f4xx_hal_spi.o(i.HAL_SPI_TransmitReceive)
    HAL_SYSTICK_Config                       0x080031f5   Thumb Code    52  stm32f4xx_hal_cortex.o(i.HAL_SYSTICK_Config)
    HAL_TIMEx_BreakCallback                  0x08003229   Thumb Code     2  stm32f4xx_hal_tim_ex.o(i.HAL_TIMEx_BreakCallback)
    HAL_TIMEx_CommutCallback                 0x0800322b   Thumb Code     2  stm32f4xx_hal_tim_ex.o(i.HAL_TIMEx_CommutCallback)
    HAL_TIMEx_MasterConfigSynchronization    0x0800322d   Thumb Code   150  stm32f4xx_hal_tim_ex.o(i.HAL_TIMEx_MasterConfigSynchronization)
    HAL_TIM_Base_Init                        0x080032e1   Thumb Code   102  stm32f4xx_hal_tim.o(i.HAL_TIM_Base_Init)
    HAL_TIM_Base_MspInit                     0x08003349   Thumb Code   164  tim.o(i.HAL_TIM_Base_MspInit)
    HAL_TIM_Base_Start                       0x080033fd   Thumb Code   126  stm32f4xx_hal_tim.o(i.HAL_TIM_Base_Start)
    HAL_TIM_Base_Start_IT                    0x08003499   Thumb Code   138  stm32f4xx_hal_tim.o(i.HAL_TIM_Base_Start_IT)
    HAL_TIM_IC_CaptureCallback               0x08003541   Thumb Code     2  stm32f4xx_hal_tim.o(i.HAL_TIM_IC_CaptureCallback)
    HAL_TIM_IRQHandler                       0x08003543   Thumb Code   364  stm32f4xx_hal_tim.o(i.HAL_TIM_IRQHandler)
    HAL_TIM_OC_DelayElapsedCallback          0x080036af   Thumb Code     2  stm32f4xx_hal_tim.o(i.HAL_TIM_OC_DelayElapsedCallback)
    HAL_TIM_PWM_PulseFinishedCallback        0x080036b1   Thumb Code     2  stm32f4xx_hal_tim.o(i.HAL_TIM_PWM_PulseFinishedCallback)
    HAL_TIM_PeriodElapsedCallback            0x080036b5   Thumb Code   438  main.o(i.HAL_TIM_PeriodElapsedCallback)
    HAL_TIM_TriggerCallback                  0x080038b1   Thumb Code     2  stm32f4xx_hal_tim.o(i.HAL_TIM_TriggerCallback)
    HAL_UARTEx_RxEventCallback               0x080038b3   Thumb Code     2  stm32f4xx_hal_uart.o(i.HAL_UARTEx_RxEventCallback)
    HAL_UART_DMAStop                         0x080038b5   Thumb Code   138  stm32f4xx_hal_uart.o(i.HAL_UART_DMAStop)
    HAL_UART_ErrorCallback                   0x0800393f   Thumb Code     2  stm32f4xx_hal_uart.o(i.HAL_UART_ErrorCallback)
    HAL_UART_IRQHandler                      0x08003941   Thumb Code   740  stm32f4xx_hal_uart.o(i.HAL_UART_IRQHandler)
    HAL_UART_Init                            0x08003c29   Thumb Code   118  stm32f4xx_hal_uart.o(i.HAL_UART_Init)
    HAL_UART_MspInit                         0x08003ca1   Thumb Code   272  usart.o(i.HAL_UART_MspInit)
    HAL_UART_Receive_DMA                     0x08003dc9   Thumb Code    44  stm32f4xx_hal_uart.o(i.HAL_UART_Receive_DMA)
    HAL_UART_RxCpltCallback                  0x08003df5   Thumb Code     2  stm32f4xx_hal_uart.o(i.HAL_UART_RxCpltCallback)
    HAL_UART_RxHalfCpltCallback              0x08003df7   Thumb Code     2  stm32f4xx_hal_uart.o(i.HAL_UART_RxHalfCpltCallback)
    HAL_UART_Transmit_DMA                    0x08003df9   Thumb Code   128  stm32f4xx_hal_uart.o(i.HAL_UART_Transmit_DMA)
    HAL_UART_TxCpltCallback                  0x08003e85   Thumb Code     2  stm32f4xx_hal_uart.o(i.HAL_UART_TxCpltCallback)
    HAL_UART_TxHalfCpltCallback              0x08003e87   Thumb Code     2  stm32f4xx_hal_uart.o(i.HAL_UART_TxHalfCpltCallback)
    HardFault_Handler                        0x08003e89   Thumb Code     4  stm32f4xx_it.o(i.HardFault_Handler)
    IM_TEST_initialize                       0x08003e8d   Thumb Code    62  im_test_1.o(i.IM_TEST_initialize)
    IM_TEST_step                             0x08003ed9   Thumb Code   908  im_test_1.o(i.IM_TEST_step)
    MA600_Get_Angle                          0x080042a1   Thumb Code    66  ma600.o(i.MA600_Get_Angle)
    MA600_HandleInit                         0x080042e3   Thumb Code    26  ma600.o(i.MA600_HandleInit)
    MA600_dataUpdate                         0x080042fd   Thumb Code   104  ma600.o(i.MA600_dataUpdate)
    MX_CAN1_Init                             0x08004369   Thumb Code    58  can.o(i.MX_CAN1_Init)
    MX_DMA_Init                              0x080043ad   Thumb Code    68  dma.o(i.MX_DMA_Init)
    MX_GPIO_Init                             0x080043f5   Thumb Code   204  gpio.o(i.MX_GPIO_Init)
    MX_SPI1_Init                             0x080044cd   Thumb Code    66  spi.o(i.MX_SPI1_Init)
    MX_SPI2_Init                             0x08004519   Thumb Code    64  spi.o(i.MX_SPI2_Init)
    MX_TIM11_Init                            0x08004561   Thumb Code    40  tim.o(i.MX_TIM11_Init)
    MX_TIM14_Init                            0x08004591   Thumb Code    42  tim.o(i.MX_TIM14_Init)
    MX_TIM6_Init                             0x080045c5   Thumb Code    66  tim.o(i.MX_TIM6_Init)
    MX_USART1_UART_Init                      0x08004611   Thumb Code    54  usart.o(i.MX_USART1_UART_Init)
    MemManage_Handler                        0x08004651   Thumb Code     4  stm32f4xx_it.o(i.MemManage_Handler)
    NMI_Handler                              0x08004655   Thumb Code     4  stm32f4xx_it.o(i.NMI_Handler)
    PendSV_Handler                           0x08004659   Thumb Code     2  stm32f4xx_it.o(i.PendSV_Handler)
    Rcv_DealData                             0x0800465d   Thumb Code   128  main.o(i.Rcv_DealData)
    Rcv_IdleCallback                         0x080046ed   Thumb Code    54  main.o(i.Rcv_IdleCallback)
    SPI1_IRQHandler                          0x0800472d   Thumb Code    10  stm32f4xx_it.o(i.SPI1_IRQHandler)
    SPI2_IRQHandler                          0x0800473d   Thumb Code    10  stm32f4xx_it.o(i.SPI2_IRQHandler)
    SVC_Handler                              0x080048c1   Thumb Code     2  stm32f4xx_it.o(i.SVC_Handler)
    SysTick_Handler                          0x080048c3   Thumb Code     8  stm32f4xx_it.o(i.SysTick_Handler)
    SystemClock_Config                       0x080048cd   Thumb Code   172  main.o(i.SystemClock_Config)
    SystemInit                               0x08004981   Thumb Code    14  system_stm32f4xx.o(i.SystemInit)
    TIM1_TRG_COM_TIM11_IRQHandler            0x08004995   Thumb Code    10  stm32f4xx_it.o(i.TIM1_TRG_COM_TIM11_IRQHandler)
    TIM8_TRG_COM_TIM14_IRQHandler            0x080049a5   Thumb Code    10  stm32f4xx_it.o(i.TIM8_TRG_COM_TIM14_IRQHandler)
    TIM_Base_SetConfig                       0x080049b5   Thumb Code   186  stm32f4xx_hal_tim.o(i.TIM_Base_SetConfig)
    UART_Start_Receive_DMA                   0x08005019   Thumb Code   186  stm32f4xx_hal_uart.o(i.UART_Start_Receive_DMA)
    USART1_IRQHandler                        0x08005141   Thumb Code    14  stm32f4xx_it.o(i.USART1_IRQHandler)
    UsageFault_Handler                       0x08005155   Thumb Code     4  stm32f4xx_it.o(i.UsageFault_Handler)
    VECTOR_CONVERT                           0x08005159   Thumb Code   642  yis130_1.o(i.VECTOR_CONVERT)
    __hardfp_roundf                          0x08005425   Thumb Code   154  roundf.o(i.__hardfp_roundf)
    __scatterload_copy                       0x080054bf   Thumb Code    14  handlers.o(i.__scatterload_copy)
    __scatterload_null                       0x080054cd   Thumb Code     2  handlers.o(i.__scatterload_null)
    __scatterload_zeroinit                   0x080054cf   Thumb Code    14  handlers.o(i.__scatterload_zeroinit)
    can_filter_init                          0x080054dd   Thumb Code    56  yis130_1.o(i.can_filter_init)
    main                                     0x08005519   Thumb Code   170  main.o(i.main)
    firCoeffs32LP                            0x080057d0   Data         116  yis130_1.o(.constdata)
    AHBPrescTable                            0x08005858   Data          16  system_stm32f4xx.o(.constdata)
    APBPrescTable                            0x08005868   Data           8  system_stm32f4xx.o(.constdata)
    sinTable_f32                             0x08005870   Data        2052  arm_common_tables.o(.constdata)
    Region$$Table$$Base                      0x08006074   Number         0  anon$$obj.o(Region$$Table)
    Region$$Table$$Limit                     0x08006094   Number         0  anon$$obj.o(Region$$Table)
    angle                                    0x20000000   Data           4  main.o(.data)
    angle_int                                0x20000004   Data           4  main.o(.data)
    i                                        0x20000008   Data           4  main.o(.data)
    add                                      0x2000000c   Data           4  main.o(.data)
    times                                    0x20000010   Data           4  main.o(.data)
    add14                                    0x20000014   Data           4  main.o(.data)
    imu_buf                                  0x20000018   Data          24  main.o(.data)
    rcv_flag                                 0x20000030   Data           4  main.o(.data)
    rtInf                                    0x20000040   Data           8  im_test_1.o(.data)
    rtMinusInf                               0x20000048   Data           8  im_test_1.o(.data)
    rtNaN                                    0x20000050   Data           8  im_test_1.o(.data)
    rtInfF                                   0x20000058   Data           4  im_test_1.o(.data)
    rtMinusInfF                              0x2000005c   Data           4  im_test_1.o(.data)
    rtNaNF                                   0x20000060   Data           4  im_test_1.o(.data)
    blockSize                                0x20000064   Data           4  yis130_1.o(.data)
    numBlocks                                0x20000068   Data           4  yis130_1.o(.data)
    ecd_gb                                   0x2000006c   Data           4  yis130_1.o(.data)
    output_vector                            0x20000070   Data           8  yis130_1.o(.data)
    ACCX                                     0x2000007c   Data           4  yis130_1.o(.data)
    ACCY                                     0x20000080   Data           4  yis130_1.o(.data)
    ACCZ                                     0x20000084   Data           4  yis130_1.o(.data)
    uwTick                                   0x20000088   Data           4  stm32f4xx_hal.o(.data)
    uwTickPrio                               0x2000008c   Data           4  stm32f4xx_hal.o(.data)
    uwTickFreq                               0x20000090   Data           1  stm32f4xx_hal.o(.data)
    SystemCoreClock                          0x20000094   Data           4  system_stm32f4xx.o(.data)
    DataRe                                   0x20000098   Data           9  main.o(.bss)
    rcv_buf                                  0x200000a1   Data          64  main.o(.bss)
    mpu_buff                                 0x200000e1   Data          64  main.o(.bss)
    hcan1                                    0x20000124   Data          40  can.o(.bss)
    hspi1                                    0x2000014c   Data          88  spi.o(.bss)
    hspi2                                    0x200001a4   Data          88  spi.o(.bss)
    htim6                                    0x200001fc   Data          72  tim.o(.bss)
    htim11                                   0x20000244   Data          72  tim.o(.bss)
    htim14                                   0x2000028c   Data          72  tim.o(.bss)
    huart1                                   0x200002d4   Data          72  usart.o(.bss)
    hdma_usart1_rx                           0x2000031c   Data          96  usart.o(.bss)
    hdma_usart1_tx                           0x2000037c   Data          96  usart.o(.bss)
    rtDW                                     0x200003e0   Data       32824  im_test_1.o(.bss)
    rtU                                      0x20008418   Data          20  im_test_1.o(.bss)
    rtY                                      0x2000842c   Data          16  im_test_1.o(.bss)
    TestMA600                                0x2000843c   Data          80  ma600.o(.bss)
    mpu_data                                 0x20008d78   Data         704  yis130_1.o(.bss)
    output_vector_data                       0x20009038   Data          12  yis130_1.o(.bss)
    __initial_sp                             0x20009460   Data           0  startup_stm32f407xx.o(STACK)



==============================================================================

Memory Map of the image

  Image Entry point : 0x08000189

  Load Region LR_IROM1 (Base: 0x08000000, Size: 0x0000612c, Max: 0x00080000, ABSOLUTE)

    Execution Region ER_IROM1 (Exec base: 0x08000000, Load base: 0x08000000, Size: 0x00006094, Max: 0x00080000, ABSOLUTE)

    Exec Addr    Load Addr    Size         Type   Attr      Idx    E Section Name        Object

    0x08000000   0x08000000   0x00000188   Data   RO            3    RESET               startup_stm32f407xx.o
    0x08000188   0x08000188   0x00000000   Code   RO         4477  * .ARM.Collect$$$$00000000  mc_w.l(entry.o)
    0x08000188   0x08000188   0x00000004   Code   RO         4500    .ARM.Collect$$$$00000001  mc_w.l(entry2.o)
    0x0800018c   0x0800018c   0x00000004   Code   RO         4503    .ARM.Collect$$$$00000004  mc_w.l(entry5.o)
    0x08000190   0x08000190   0x00000000   Code   RO         4505    .ARM.Collect$$$$00000008  mc_w.l(entry7b.o)
    0x08000190   0x08000190   0x00000000   Code   RO         4507    .ARM.Collect$$$$0000000A  mc_w.l(entry8b.o)
    0x08000190   0x08000190   0x00000008   Code   RO         4508    .ARM.Collect$$$$0000000B  mc_w.l(entry9a.o)
    0x08000198   0x08000198   0x00000004   Code   RO         4515    .ARM.Collect$$$$0000000E  mc_w.l(entry12b.o)
    0x0800019c   0x0800019c   0x00000000   Code   RO         4510    .ARM.Collect$$$$0000000F  mc_w.l(entry10a.o)
    0x0800019c   0x0800019c   0x00000000   Code   RO         4512    .ARM.Collect$$$$00000011  mc_w.l(entry11a.o)
    0x0800019c   0x0800019c   0x00000004   Code   RO         4501    .ARM.Collect$$$$00002712  mc_w.l(entry2.o)
    0x080001a0   0x080001a0   0x00000024   Code   RO            4    .text               startup_stm32f407xx.o
    0x080001c4   0x080001c4   0x00000078   Code   RO         4200    .text               arm_cortexM4lf_math.lib(arm_cos_f32.o)
    0x0800023c   0x0800023c   0x00000094   Code   RO         4250    .text               arm_cortexM4lf_math.lib(arm_sin_f32.o)
    0x080002d0   0x080002d0   0x00000008   Code   RO         4322    .text               arm_cortexM4lf_math.lib(arm_mat_init_f32.o)
    0x080002d8   0x080002d8   0x0000013c   Code   RO         4346    .text               arm_cortexM4lf_math.lib(arm_mat_mult_f32.o)
    0x08000414   0x08000414   0x00000114   Code   RO         4370    .text               arm_cortexM4lf_math.lib(arm_mat_trans_f32.o)
    0x08000528   0x08000528   0x00000062   Code   RO         4480    .text               mc_w.l(uldiv.o)
    0x0800058a   0x0800058a   0x00000024   Code   RO         4482    .text               mc_w.l(memseta.o)
    0x080005ae   0x080005ae   0x0000014e   Code   RO         4484    .text               mf_w.l(dadd.o)
    0x080006fc   0x080006fc   0x000000e4   Code   RO         4486    .text               mf_w.l(dmul.o)
    0x080007e0   0x080007e0   0x000000de   Code   RO         4488    .text               mf_w.l(ddiv.o)
    0x080008be   0x080008be   0x00000026   Code   RO         4492    .text               mf_w.l(f2d.o)
    0x080008e4   0x080008e4   0x00000030   Code   RO         4496    .text               mf_w.l(cdrcmple.o)
    0x08000914   0x08000914   0x00000038   Code   RO         4498    .text               mf_w.l(d2f.o)
    0x0800094c   0x0800094c   0x0000001e   Code   RO         4516    .text               mc_w.l(llshl.o)
    0x0800096a   0x0800096a   0x00000020   Code   RO         4518    .text               mc_w.l(llushr.o)
    0x0800098a   0x0800098a   0x00000024   Code   RO         4520    .text               mc_w.l(llsshr.o)
    0x080009ae   0x080009ae   0x00000000   Code   RO         4522    .text               mc_w.l(iusefp.o)
    0x080009ae   0x080009ae   0x0000006e   Code   RO         4523    .text               mf_w.l(fepilogue.o)
    0x08000a1c   0x08000a1c   0x0000003c   Code   RO         4525    .text               mf_w.l(frnd.o)
    0x08000a58   0x08000a58   0x000000ba   Code   RO         4527    .text               mf_w.l(depilogue.o)
    0x08000b12   0x08000b12   0x00000002   PAD
    0x08000b14   0x08000b14   0x00000024   Code   RO         4529    .text               mc_w.l(init.o)
    0x08000b38   0x08000b38   0x00000004   Code   RO          522    i.BusFault_Handler  stm32f4xx_it.o
    0x08000b3c   0x08000b3c   0x00000010   Code   RO          523    i.CAN1_RX0_IRQHandler  stm32f4xx_it.o
    0x08000b4c   0x08000b4c   0x00000010   Code   RO          524    i.CAN1_TX_IRQHandler  stm32f4xx_it.o
    0x08000b5c   0x08000b5c   0x00000190   Code   RO          987    i.DATARELOAD        yis130_1.o
    0x08000cec   0x08000cec   0x00000010   Code   RO          525    i.DMA2_Stream2_IRQHandler  stm32f4xx_it.o
    0x08000cfc   0x08000cfc   0x00000010   Code   RO          526    i.DMA2_Stream7_IRQHandler  stm32f4xx_it.o
    0x08000d0c   0x08000d0c   0x00000034   Code   RO         1788    i.DMA_CalcBaseAndBitshift  stm32f4xx_hal_dma.o
    0x08000d40   0x08000d40   0x000000aa   Code   RO         1789    i.DMA_CheckFifoParam  stm32f4xx_hal_dma.o
    0x08000dea   0x08000dea   0x0000002c   Code   RO         1790    i.DMA_SetConfig     stm32f4xx_hal_dma.o
    0x08000e16   0x08000e16   0x00000002   Code   RO          527    i.DebugMon_Handler  stm32f4xx_it.o
    0x08000e18   0x08000e18   0x00000006   Code   RO           13    i.Error_Handler     main.o
    0x08000e1e   0x08000e1e   0x00000002   PAD
    0x08000e20   0x08000e20   0x000000dc   Code   RO          676    i.ForEachSubsystem  im_test_1.o
    0x08000efc   0x08000efc   0x0000002a   Code   RO         1051    i.HAL_CAN_ActivateNotification  stm32f4xx_hal_can.o
    0x08000f26   0x08000f26   0x00000002   PAD
    0x08000f28   0x08000f28   0x00000124   Code   RO         1053    i.HAL_CAN_ConfigFilter  stm32f4xx_hal_can.o
    0x0800104c   0x0800104c   0x00000002   Code   RO         1056    i.HAL_CAN_ErrorCallback  stm32f4xx_hal_can.o
    0x0800104e   0x0800104e   0x00000194   Code   RO         1059    i.HAL_CAN_GetRxMessage  stm32f4xx_hal_can.o
    0x080011e2   0x080011e2   0x0000024e   Code   RO         1063    i.HAL_CAN_IRQHandler  stm32f4xx_hal_can.o
    0x08001430   0x08001430   0x00000174   Code   RO         1064    i.HAL_CAN_Init      stm32f4xx_hal_can.o
    0x080015a4   0x080015a4   0x000000a8   Code   RO          313    i.HAL_CAN_MspInit   can.o
    0x0800164c   0x0800164c   0x00000002   Code   RO         1071    i.HAL_CAN_RxFifo0FullCallback  stm32f4xx_hal_can.o
    0x0800164e   0x0800164e   0x00000002   PAD
    0x08001650   0x08001650   0x00000608   Code   RO          988    i.HAL_CAN_RxFifo0MsgPendingCallback  yis130_1.o
    0x08001c58   0x08001c58   0x00000002   Code   RO         1073    i.HAL_CAN_RxFifo1FullCallback  stm32f4xx_hal_can.o
    0x08001c5a   0x08001c5a   0x00000002   Code   RO         1074    i.HAL_CAN_RxFifo1MsgPendingCallback  stm32f4xx_hal_can.o
    0x08001c5c   0x08001c5c   0x00000002   Code   RO         1075    i.HAL_CAN_SleepCallback  stm32f4xx_hal_can.o
    0x08001c5e   0x08001c5e   0x0000005e   Code   RO         1076    i.HAL_CAN_Start     stm32f4xx_hal_can.o
    0x08001cbc   0x08001cbc   0x00000002   Code   RO         1078    i.HAL_CAN_TxMailbox0AbortCallback  stm32f4xx_hal_can.o
    0x08001cbe   0x08001cbe   0x00000002   Code   RO         1079    i.HAL_CAN_TxMailbox0CompleteCallback  stm32f4xx_hal_can.o
    0x08001cc0   0x08001cc0   0x00000002   Code   RO         1080    i.HAL_CAN_TxMailbox1AbortCallback  stm32f4xx_hal_can.o
    0x08001cc2   0x08001cc2   0x00000002   Code   RO         1081    i.HAL_CAN_TxMailbox1CompleteCallback  stm32f4xx_hal_can.o
    0x08001cc4   0x08001cc4   0x00000002   Code   RO         1082    i.HAL_CAN_TxMailbox2AbortCallback  stm32f4xx_hal_can.o
    0x08001cc6   0x08001cc6   0x00000002   Code   RO         1083    i.HAL_CAN_TxMailbox2CompleteCallback  stm32f4xx_hal_can.o
    0x08001cc8   0x08001cc8   0x00000002   Code   RO         1085    i.HAL_CAN_WakeUpFromRxMsgCallback  stm32f4xx_hal_can.o
    0x08001cca   0x08001cca   0x000000ac   Code   RO         1791    i.HAL_DMA_Abort     stm32f4xx_hal_dma.o
    0x08001d76   0x08001d76   0x00000028   Code   RO         1792    i.HAL_DMA_Abort_IT  stm32f4xx_hal_dma.o
    0x08001d9e   0x08001d9e   0x00000002   PAD
    0x08001da0   0x08001da0   0x00000240   Code   RO         1796    i.HAL_DMA_IRQHandler  stm32f4xx_hal_dma.o
    0x08001fe0   0x08001fe0   0x000000ec   Code   RO         1797    i.HAL_DMA_Init      stm32f4xx_hal_dma.o
    0x080020cc   0x080020cc   0x00000092   Code   RO         1801    i.HAL_DMA_Start_IT  stm32f4xx_hal_dma.o
    0x0800215e   0x0800215e   0x00000002   PAD
    0x08002160   0x08002160   0x00000028   Code   RO         2233    i.HAL_Delay         stm32f4xx_hal.o
    0x08002188   0x08002188   0x000001f4   Code   RO         1684    i.HAL_GPIO_Init     stm32f4xx_hal_gpio.o
    0x0800237c   0x0800237c   0x0000000c   Code   RO         1688    i.HAL_GPIO_WritePin  stm32f4xx_hal_gpio.o
    0x08002388   0x08002388   0x0000000c   Code   RO         2239    i.HAL_GetTick       stm32f4xx_hal.o
    0x08002394   0x08002394   0x00000018   Code   RO         2245    i.HAL_IncTick       stm32f4xx_hal.o
    0x080023ac   0x080023ac   0x0000003c   Code   RO         2246    i.HAL_Init          stm32f4xx_hal.o
    0x080023e8   0x080023e8   0x0000004c   Code   RO         2247    i.HAL_InitTick      stm32f4xx_hal.o
    0x08002434   0x08002434   0x00000048   Code   RO          652    i.HAL_MspInit       stm32f4xx_hal_msp.o
    0x0800247c   0x0800247c   0x00000028   Code   RO         2076    i.HAL_NVIC_EnableIRQ  stm32f4xx_hal_cortex.o
    0x080024a4   0x080024a4   0x0000007c   Code   RO         2082    i.HAL_NVIC_SetPriority  stm32f4xx_hal_cortex.o
    0x08002520   0x08002520   0x00000028   Code   RO         2083    i.HAL_NVIC_SetPriorityGrouping  stm32f4xx_hal_cortex.o
    0x08002548   0x08002548   0x00000184   Code   RO         1285    i.HAL_RCC_ClockConfig  stm32f4xx_hal_rcc.o
    0x080026cc   0x080026cc   0x0000000c   Code   RO         1290    i.HAL_RCC_GetHCLKFreq  stm32f4xx_hal_rcc.o
    0x080026d8   0x080026d8   0x00000020   Code   RO         1292    i.HAL_RCC_GetPCLK1Freq  stm32f4xx_hal_rcc.o
    0x080026f8   0x080026f8   0x00000020   Code   RO         1293    i.HAL_RCC_GetPCLK2Freq  stm32f4xx_hal_rcc.o
    0x08002718   0x08002718   0x000000b0   Code   RO         1294    i.HAL_RCC_GetSysClockFreq  stm32f4xx_hal_rcc.o
    0x080027c8   0x080027c8   0x0000049c   Code   RO         1297    i.HAL_RCC_OscConfig  stm32f4xx_hal_rcc.o
    0x08002c64   0x08002c64   0x00000002   Code   RO         2491    i.HAL_SPI_ErrorCallback  stm32f4xx_hal_spi.o
    0x08002c66   0x08002c66   0x00000002   PAD
    0x08002c68   0x08002c68   0x0000015c   Code   RO         2494    i.HAL_SPI_IRQHandler  stm32f4xx_hal_spi.o
    0x08002dc4   0x08002dc4   0x000000c8   Code   RO         2495    i.HAL_SPI_Init      stm32f4xx_hal_spi.o
    0x08002e8c   0x08002e8c   0x00000120   Code   RO          379    i.HAL_SPI_MspInit   spi.o
    0x08002fac   0x08002fac   0x00000248   Code   RO         2504    i.HAL_SPI_TransmitReceive  stm32f4xx_hal_spi.o
    0x080031f4   0x080031f4   0x00000034   Code   RO         2087    i.HAL_SYSTICK_Config  stm32f4xx_hal_cortex.o
    0x08003228   0x08003228   0x00000002   Code   RO         3523    i.HAL_TIMEx_BreakCallback  stm32f4xx_hal_tim_ex.o
    0x0800322a   0x0800322a   0x00000002   Code   RO         3524    i.HAL_TIMEx_CommutCallback  stm32f4xx_hal_tim_ex.o
    0x0800322c   0x0800322c   0x000000b4   Code   RO         3542    i.HAL_TIMEx_MasterConfigSynchronization  stm32f4xx_hal_tim_ex.o
    0x080032e0   0x080032e0   0x00000066   Code   RO         2808    i.HAL_TIM_Base_Init  stm32f4xx_hal_tim.o
    0x08003346   0x08003346   0x00000002   PAD
    0x08003348   0x08003348   0x000000b4   Code   RO          427    i.HAL_TIM_Base_MspInit  tim.o
    0x080033fc   0x080033fc   0x0000009c   Code   RO         2811    i.HAL_TIM_Base_Start  stm32f4xx_hal_tim.o
    0x08003498   0x08003498   0x000000a8   Code   RO         2813    i.HAL_TIM_Base_Start_IT  stm32f4xx_hal_tim.o
    0x08003540   0x08003540   0x00000002   Code   RO         2842    i.HAL_TIM_IC_CaptureCallback  stm32f4xx_hal_tim.o
    0x08003542   0x08003542   0x0000016c   Code   RO         2856    i.HAL_TIM_IRQHandler  stm32f4xx_hal_tim.o
    0x080036ae   0x080036ae   0x00000002   Code   RO         2859    i.HAL_TIM_OC_DelayElapsedCallback  stm32f4xx_hal_tim.o
    0x080036b0   0x080036b0   0x00000002   Code   RO         2886    i.HAL_TIM_PWM_PulseFinishedCallback  stm32f4xx_hal_tim.o
    0x080036b2   0x080036b2   0x00000002   PAD
    0x080036b4   0x080036b4   0x000001fc   Code   RO           14    i.HAL_TIM_PeriodElapsedCallback  main.o
    0x080038b0   0x080038b0   0x00000002   Code   RO         2899    i.HAL_TIM_TriggerCallback  stm32f4xx_hal_tim.o
    0x080038b2   0x080038b2   0x00000002   Code   RO         3802    i.HAL_UARTEx_RxEventCallback  stm32f4xx_hal_uart.o
    0x080038b4   0x080038b4   0x0000008a   Code   RO         3814    i.HAL_UART_DMAStop  stm32f4xx_hal_uart.o
    0x0800393e   0x0800393e   0x00000002   Code   RO         3816    i.HAL_UART_ErrorCallback  stm32f4xx_hal_uart.o
    0x08003940   0x08003940   0x000002e8   Code   RO         3819    i.HAL_UART_IRQHandler  stm32f4xx_hal_uart.o
    0x08003c28   0x08003c28   0x00000076   Code   RO         3820    i.HAL_UART_Init     stm32f4xx_hal_uart.o
    0x08003c9e   0x08003c9e   0x00000002   PAD
    0x08003ca0   0x08003ca0   0x00000128   Code   RO          481    i.HAL_UART_MspInit  usart.o
    0x08003dc8   0x08003dc8   0x0000002c   Code   RO         3824    i.HAL_UART_Receive_DMA  stm32f4xx_hal_uart.o
    0x08003df4   0x08003df4   0x00000002   Code   RO         3826    i.HAL_UART_RxCpltCallback  stm32f4xx_hal_uart.o
    0x08003df6   0x08003df6   0x00000002   Code   RO         3827    i.HAL_UART_RxHalfCpltCallback  stm32f4xx_hal_uart.o
    0x08003df8   0x08003df8   0x0000008c   Code   RO         3829    i.HAL_UART_Transmit_DMA  stm32f4xx_hal_uart.o
    0x08003e84   0x08003e84   0x00000002   Code   RO         3831    i.HAL_UART_TxCpltCallback  stm32f4xx_hal_uart.o
    0x08003e86   0x08003e86   0x00000002   Code   RO         3832    i.HAL_UART_TxHalfCpltCallback  stm32f4xx_hal_uart.o
    0x08003e88   0x08003e88   0x00000004   Code   RO          528    i.HardFault_Handler  stm32f4xx_it.o
    0x08003e8c   0x08003e8c   0x0000004c   Code   RO          677    i.IM_TEST_initialize  im_test_1.o
    0x08003ed8   0x08003ed8   0x000003c8   Code   RO          678    i.IM_TEST_step      im_test_1.o
    0x080042a0   0x080042a0   0x00000042   Code   RO          790    i.MA600_Get_Angle   ma600.o
    0x080042e2   0x080042e2   0x0000001a   Code   RO          793    i.MA600_HandleInit  ma600.o
    0x080042fc   0x080042fc   0x0000006c   Code   RO          815    i.MA600_dataUpdate  ma600.o
    0x08004368   0x08004368   0x00000044   Code   RO          314    i.MX_CAN1_Init      can.o
    0x080043ac   0x080043ac   0x00000048   Code   RO          354    i.MX_DMA_Init       dma.o
    0x080043f4   0x080043f4   0x000000d8   Code   RO          288    i.MX_GPIO_Init      gpio.o
    0x080044cc   0x080044cc   0x0000004c   Code   RO          380    i.MX_SPI1_Init      spi.o
    0x08004518   0x08004518   0x00000048   Code   RO          381    i.MX_SPI2_Init      spi.o
    0x08004560   0x08004560   0x00000030   Code   RO          428    i.MX_TIM11_Init     tim.o
    0x08004590   0x08004590   0x00000034   Code   RO          429    i.MX_TIM14_Init     tim.o
    0x080045c4   0x080045c4   0x0000004c   Code   RO          430    i.MX_TIM6_Init      tim.o
    0x08004610   0x08004610   0x00000040   Code   RO          482    i.MX_USART1_UART_Init  usart.o
    0x08004650   0x08004650   0x00000004   Code   RO          529    i.MemManage_Handler  stm32f4xx_it.o
    0x08004654   0x08004654   0x00000004   Code   RO          530    i.NMI_Handler       stm32f4xx_it.o
    0x08004658   0x08004658   0x00000002   Code   RO          531    i.PendSV_Handler    stm32f4xx_it.o
    0x0800465a   0x0800465a   0x00000002   PAD
    0x0800465c   0x0800465c   0x00000090   Code   RO           15    i.Rcv_DealData      main.o
    0x080046ec   0x080046ec   0x00000040   Code   RO           16    i.Rcv_IdleCallback  main.o
    0x0800472c   0x0800472c   0x00000010   Code   RO          532    i.SPI1_IRQHandler   stm32f4xx_it.o
    0x0800473c   0x0800473c   0x00000010   Code   RO          533    i.SPI2_IRQHandler   stm32f4xx_it.o
    0x0800474c   0x0800474c   0x00000014   Code   RO         2522    i.SPI_DMAAbortOnError  stm32f4xx_hal_spi.o
    0x08004760   0x08004760   0x00000088   Code   RO         2533    i.SPI_EndRxTxTransaction  stm32f4xx_hal_spi.o
    0x080047e8   0x080047e8   0x000000d8   Code   RO         2538    i.SPI_WaitFlagStateUntilTimeout  stm32f4xx_hal_spi.o
    0x080048c0   0x080048c0   0x00000002   Code   RO          534    i.SVC_Handler       stm32f4xx_it.o
    0x080048c2   0x080048c2   0x00000008   Code   RO          535    i.SysTick_Handler   stm32f4xx_it.o
    0x080048ca   0x080048ca   0x00000002   PAD
    0x080048cc   0x080048cc   0x000000b4   Code   RO           17    i.SystemClock_Config  main.o
    0x08004980   0x08004980   0x00000014   Code   RO         4164    i.SystemInit        system_stm32f4xx.o
    0x08004994   0x08004994   0x00000010   Code   RO          536    i.TIM1_TRG_COM_TIM11_IRQHandler  stm32f4xx_it.o
    0x080049a4   0x080049a4   0x00000010   Code   RO          537    i.TIM8_TRG_COM_TIM14_IRQHandler  stm32f4xx_it.o
    0x080049b4   0x080049b4   0x000000e8   Code   RO         2901    i.TIM_Base_SetConfig  stm32f4xx_hal_tim.o
    0x08004a9c   0x08004a9c   0x00000014   Code   RO         3833    i.UART_DMAAbortOnError  stm32f4xx_hal_uart.o
    0x08004ab0   0x08004ab0   0x00000050   Code   RO         3834    i.UART_DMAError     stm32f4xx_hal_uart.o
    0x08004b00   0x08004b00   0x000000b4   Code   RO         3835    i.UART_DMAReceiveCplt  stm32f4xx_hal_uart.o
    0x08004bb4   0x08004bb4   0x00000024   Code   RO         3837    i.UART_DMARxHalfCplt  stm32f4xx_hal_uart.o
    0x08004bd8   0x08004bd8   0x00000058   Code   RO         3839    i.UART_DMATransmitCplt  stm32f4xx_hal_uart.o
    0x08004c30   0x08004c30   0x0000000e   Code   RO         3841    i.UART_DMATxHalfCplt  stm32f4xx_hal_uart.o
    0x08004c3e   0x08004c3e   0x0000006c   Code   RO         3843    i.UART_EndRxTransfer  stm32f4xx_hal_uart.o
    0x08004caa   0x08004caa   0x00000020   Code   RO         3844    i.UART_EndTransmit_IT  stm32f4xx_hal_uart.o
    0x08004cca   0x08004cca   0x00000026   Code   RO         3845    i.UART_EndTxTransfer  stm32f4xx_hal_uart.o
    0x08004cf0   0x08004cf0   0x000000fc   Code   RO         3846    i.UART_Receive_IT   stm32f4xx_hal_uart.o
    0x08004dec   0x08004dec   0x0000022c   Code   RO         3847    i.UART_SetConfig    stm32f4xx_hal_uart.o
    0x08005018   0x08005018   0x000000c8   Code   RO         3848    i.UART_Start_Receive_DMA  stm32f4xx_hal_uart.o
    0x080050e0   0x080050e0   0x00000060   Code   RO         3850    i.UART_Transmit_IT  stm32f4xx_hal_uart.o
    0x08005140   0x08005140   0x00000014   Code   RO          538    i.USART1_IRQHandler  stm32f4xx_it.o
    0x08005154   0x08005154   0x00000004   Code   RO          539    i.UsageFault_Handler  stm32f4xx_it.o
    0x08005158   0x08005158   0x00000294   Code   RO          990    i.VECTOR_CONVERT    yis130_1.o
    0x080053ec   0x080053ec   0x00000010   Code   RO         2089    i.__NVIC_GetPriorityGrouping  stm32f4xx_hal_cortex.o
    0x080053fc   0x080053fc   0x00000028   Code   RO         2090    i.__NVIC_SetPriority  stm32f4xx_hal_cortex.o
    0x08005424   0x08005424   0x0000009a   Code   RO         4473    i.__hardfp_roundf   m_wm.l(roundf.o)
    0x080054be   0x080054be   0x0000000e   Code   RO         4533    i.__scatterload_copy  mc_w.l(handlers.o)
    0x080054cc   0x080054cc   0x00000002   Code   RO         4534    i.__scatterload_null  mc_w.l(handlers.o)
    0x080054ce   0x080054ce   0x0000000e   Code   RO         4535    i.__scatterload_zeroinit  mc_w.l(handlers.o)
    0x080054dc   0x080054dc   0x0000003c   Code   RO          992    i.can_filter_init   yis130_1.o
    0x08005518   0x08005518   0x000000e4   Code   RO           18    i.main              main.o
    0x080055fc   0x080055fc   0x00000060   Code   RO          679    i.rtGetInf          im_test_1.o
    0x0800565c   0x0800565c   0x0000000e   Code   RO          680    i.rtGetInfF         im_test_1.o
    0x0800566a   0x0800566a   0x00000002   PAD
    0x0800566c   0x0800566c   0x00000060   Code   RO          681    i.rtGetMinusInf     im_test_1.o
    0x080056cc   0x080056cc   0x00000010   Code   RO          682    i.rtGetMinusInfF    im_test_1.o
    0x080056dc   0x080056dc   0x00000060   Code   RO          683    i.rtGetNaN          im_test_1.o
    0x0800573c   0x0800573c   0x00000014   Code   RO          684    i.rtGetNaNF         im_test_1.o
    0x08005750   0x08005750   0x00000022   Code   RO          688    i.rtIsNaNF          im_test_1.o
    0x08005772   0x08005772   0x00000002   PAD
    0x08005774   0x08005774   0x0000005c   Code   RO          689    i.rt_InitInfAndNaN  im_test_1.o
    0x080057d0   0x080057d0   0x00000080   Data   RO          994    .constdata          yis130_1.o
    0x08005850   0x08005850   0x00000008   Data   RO         1803    .constdata          stm32f4xx_hal_dma.o
    0x08005858   0x08005858   0x00000018   Data   RO         4165    .constdata          system_stm32f4xx.o
    0x08005870   0x08005870   0x00000804   Data   RO         4450    .constdata          arm_cortexM4lf_math.lib(arm_common_tables.o)
    0x08006074   0x08006074   0x00000020   Data   RO         4531    Region$$Table       anon$$obj.o


    Execution Region RW_IRAM1 (Exec base: 0x20000000, Load base: 0x08006094, Size: 0x00009460, Max: 0x0001c000, ABSOLUTE)

    Exec Addr    Load Addr    Size         Type   Attr      Idx    E Section Name        Object

    0x20000000   0x08006094   0x00000034   Data   RW           20    .data               main.o
    0x20000034   0x080060c8   0x00000004   PAD
    0x20000038   0x080060cc   0x0000002c   Data   RW          692    .data               im_test_1.o
    0x20000064   0x080060f8   0x00000024   Data   RW          995    .data               yis130_1.o
    0x20000088   0x0800611c   0x00000009   Data   RW         2253    .data               stm32f4xx_hal.o
    0x20000091   0x08006125   0x00000003   PAD
    0x20000094   0x08006128   0x00000004   Data   RW         4166    .data               system_stm32f4xx.o
    0x20000098        -       0x00000089   Zero   RW           19    .bss                main.o
    0x20000121   0x0800612c   0x00000003   PAD
    0x20000124        -       0x00000028   Zero   RW          315    .bss                can.o
    0x2000014c        -       0x000000b0   Zero   RW          382    .bss                spi.o
    0x200001fc        -       0x000000d8   Zero   RW          431    .bss                tim.o
    0x200002d4        -       0x00000108   Zero   RW          483    .bss                usart.o
    0x200003dc   0x0800612c   0x00000004   PAD
    0x200003e0        -       0x0000805c   Zero   RW          690    .bss                im_test_1.o
    0x2000843c        -       0x00000050   Zero   RW          816    .bss                ma600.o
    0x2000848c   0x0800612c   0x00000004   PAD
    0x20008490        -       0x00000bcc   Zero   RW          993    .bss                yis130_1.o
    0x2000905c   0x0800612c   0x00000004   PAD
    0x20009060        -       0x00000400   Zero   RW            1    STACK               startup_stm32f407xx.o


    Execution Region RW_IRAM2 (Exec base: 0x2001c000, Load base: 0x0800612c, Size: 0x00000000, Max: 0x00004000, ABSOLUTE)

    **** No section assigned to this execution region ****


==============================================================================

Image component sizes


      Code (inc. data)   RO Data    RW Data    ZI Data      Debug   Object Name

       236         22          0          0         40       2121   can.o
        72          4          0          0          0        990   dma.o
       216         12          0          0          0       1187   gpio.o
      1728        148          0         44      32860      11376   im_test_1.o
       200          4          0          0         80       6304   ma600.o
      1130        162          0         52        137     719727   main.o
       436         40          0          0        176       2914   spi.o
        36          8        392          0       1024        944   startup_stm32f407xx.o
       212         36          0          9          0      10269   stm32f4xx_hal.o
      1818          6          0          0          0      15420   stm32f4xx_hal_can.o
       312         22          0          0          0      35115   stm32f4xx_hal_cortex.o
      1436         16          8          0          0       8010   stm32f4xx_hal_dma.o
       512         46          0          0          0       2440   stm32f4xx_hal_gpio.o
        72          4          0          0          0       1078   stm32f4xx_hal_msp.o
      1820         84          0          0          0       6376   stm32f4xx_hal_rcc.o
      1506         20          0          0          0       7758   stm32f4xx_hal_spi.o
      1030        106          0          0          0       7892   stm32f4xx_hal_tim.o
       184         30          0          0          0       2965   stm32f4xx_hal_tim_ex.o
      2896         40          0          0          0      20991   stm32f4xx_hal_uart.o
       182         54          0          0          0      10737   stm32f4xx_it.o
        20          6         24          4          0       1459   system_stm32f4xx.o
       356         44          0          0        216       3432   tim.o
       360         34          0          0        264       2344   usart.o
      2664        146        128         36       3020       6092   yis130_1.o

    ----------------------------------------------------------------------
     19460       1094        584        152      37832     887941   Object Totals
         0          0         32          0          0          0   (incl. Generated)
        26          0          0          7         15          0   (incl. Padding)

    ----------------------------------------------------------------------

      Code (inc. data)   RO Data    RW Data    ZI Data      Debug   Library Member Name

         0          0       2052          0          0       4704   arm_common_tables.o
       120         12          0          0          0      17170   arm_cos_f32.o
         8          0          0          0          0        999   arm_mat_init_f32.o
       316          4          0          0          0       2375   arm_mat_mult_f32.o
       276          0          0          0          0       2240   arm_mat_trans_f32.o
       148         18          0          0          0        814   arm_sin_f32.o
       154          0          0          0          0        140   roundf.o
         0          0          0          0          0          0   entry.o
         0          0          0          0          0          0   entry10a.o
         0          0          0          0          0          0   entry11a.o
         4          0          0          0          0          0   entry12b.o
         8          4          0          0          0          0   entry2.o
         4          0          0          0          0          0   entry5.o
         0          0          0          0          0          0   entry7b.o
         0          0          0          0          0          0   entry8b.o
         8          4          0          0          0          0   entry9a.o
        30          0          0          0          0          0   handlers.o
        36          8          0          0          0         68   init.o
         0          0          0          0          0          0   iusefp.o
        30          0          0          0          0         68   llshl.o
        36          0          0          0          0         68   llsshr.o
        32          0          0          0          0         68   llushr.o
        36          0          0          0          0        108   memseta.o
        98          0          0          0          0         92   uldiv.o
        48          0          0          0          0         68   cdrcmple.o
        56          0          0          0          0         88   d2f.o
       334          0          0          0          0        148   dadd.o
       222          0          0          0          0        100   ddiv.o
       186          0          0          0          0        176   depilogue.o
       228          0          0          0          0         96   dmul.o
        38          0          0          0          0         68   f2d.o
       110          0          0          0          0        168   fepilogue.o
        60          0          0          0          0         76   frnd.o

    ----------------------------------------------------------------------
      2628         50       2052          0          0      29902   Library Totals
         2          0          0          0          0          0   (incl. Padding)

    ----------------------------------------------------------------------

      Code (inc. data)   RO Data    RW Data    ZI Data      Debug   Library Name

       868         34       2052          0          0      28302   arm_cortexM4lf_math.lib
       154          0          0          0          0        140   m_wm.l
       322         16          0          0          0        472   mc_w.l
      1282          0          0          0          0        988   mf_w.l

    ----------------------------------------------------------------------
      2628         50       2052          0          0      29902   Library Totals

    ----------------------------------------------------------------------

==============================================================================


      Code (inc. data)   RO Data    RW Data    ZI Data      Debug   

     22088       1144       2636        152      37832     903423   Grand Totals
     22088       1144       2636        152      37832     903423   ELF Image Totals
     22088       1144       2636        152          0          0   ROM Totals

==============================================================================

    Total RO  Size (Code + RO Data)                24724 (  24.14kB)
    Total RW  Size (RW Data + ZI Data)             37984 (  37.09kB)
    Total ROM Size (Code + RO Data + RW Data)      24876 (  24.29kB)

==============================================================================

