<html>
<body>
<pre>
<h1>µVision Build Log</h1>
<h2>Tool Versions:</h2>
IDE-Version: ÂµVision V5.33.0.0
Copyright (C) 2020 ARM Ltd and ARM Germany GmbH. All rights reserved.
License Information: 1 james021103@126.com, 1, LIC=AK1BF-6HSFV-687FC-7KS8B-UIXFX-RV5UB
 
Tool Versions:
Toolchain:       MDK-ARM Professional  Version: 5.33.0.0
Toolchain Path:  F:\keil\ARM\ARMCC\Bin
C Compiler:      Armcc.exe V5.06 update 7 (build 960)
Assembler:       Armasm.exe V5.06 update 7 (build 960)
Linker/Locator:  ArmLink.exe V5.06 update 7 (build 960)
Library Manager: ArmAr.exe V5.06 update 7 (build 960)
Hex Converter:   FromElf.exe V5.06 update 7 (build 960)
CPU DLL:         SARMCM3.DLL V5.33.0.0
Dialog DLL:      DCM.DLL V1.17.3.0
Target DLL:      STLink\ST-LINKIII-KEIL_SWO.dll V3.0.8.0
Dialog DLL:      TCM.DLL V1.48.0.0
 
<h2>Project:</h2>
F:\THE_LIBRARY\CODE_BASE\ROBOSERVO\Sleipnier_IMU\MAIN\Prototype_04_407_VE_2_0_24318\Chassis-positioning\Prototype_04_407_VE_Matlab\type_04_407VE\MDK-ARM\type_04_407VE.uvprojx
Project File Date:  03/30/2024

<h2>Output:</h2>
*** Using Compiler 'V5.06 update 7 (build 960)', folder: 'F:\keil\ARM\ARMCC\Bin'
Build target 'type_04_407VE'
compiling main.c...
../Drivers/CMSIS/Device/ST/STM32F4xx/Include/stm32f407xx.h(51): warning:  #47-D: incompatible redefinition of macro "__FPU_PRESENT" 
  #define __FPU_PRESENT             1U       /*!< FPU present                                   */
../MDK-ARM/YIS130.h(45): warning:  #1295-D: Deprecated declaration CAN_CMD_ENCODER - give arg types
  void CAN_CMD_ENCODER();
../MDK-ARM/YIS130.h(55): warning:  #1295-D: Deprecated declaration VECTOR_CONVERT - give arg types
  void VECTOR_CONVERT();
../MDK-ARM/YIS130.h(57): warning:  #1295-D: Deprecated declaration SelfCalibration - give arg types
  void SelfCalibration();
../MDK-ARM/AS5048.h(56): warning:  #1-D: last line of file ends without a newline
  #endif
../Core/Src/main.c(250): warning:  #1035-D: single-precision operand implicitly converted to double-precision
              tt_y += rtY.YOUT*0.014373;
../Core/Src/main.c(251): warning:  #1035-D: single-precision operand implicitly converted to double-precision
              tt_x += rtY.XOUT*0.014373;
../Core/Src/main.c: 7 warnings, 0 errors
linking...
Program Size: Code=16960 RO-data=2628 RW-data=76 ZI-data=4580  
FromELF: creating hex file...
"type_04_407VE\type_04_407VE.axf" - 0 Error(s), 7 Warning(s).

<h2>Software Packages used:</h2>

Package Vendor: ARM
                http://www.keil.com/pack/ARM.CMSIS.5.8.0.pack
                ARM.CMSIS.5.8.0
                CMSIS (Common Microcontroller Software Interface Standard)
   * Component: CORE Version: 5.5.0

Package Vendor: Keil
                https://www.keil.com/pack/Keil.STM32F4xx_DFP.2.17.0.pack
                Keil.STM32F4xx_DFP.2.17.0
                STMicroelectronics STM32F4 Series Device Support, Drivers and Examples

<h2>Collection of Component include folders:</h2>
  .\RTE\_type_04_407VE
  F:\keil\ARM\PACK\ARM\CMSIS\5.8.0\CMSIS\Core\Include
  F:\keil\ARM\PACK\Keil\STM32F4xx_DFP\2.17.0\Drivers\CMSIS\Device\ST\STM32F4xx\Include

<h2>Collection of Component Files used:</h2>

   * Component: ARM::CMSIS:CORE:5.5.0
      Include file:  CMSIS\Core\Include\tz_context.h
Build Time Elapsed:  00:00:01
</pre>
</body>
</html>
